
Discarded input sections

 .group         0x00000000        0xc ../build/obj/staticSrc/assert.o
 .group         0x00000000        0xc ../build/obj/staticSrc/assert.o
 .group         0x00000000        0xc ../build/obj/staticSrc/assert.o
 .group         0x00000000        0xc ../build/obj/staticSrc/assert.o
 .group         0x00000000        0xc ../build/obj/staticSrc/assert.o
 .group         0x00000000        0xc ../build/obj/staticSrc/assert.o
 .group         0x00000000        0xc ../build/obj/staticSrc/assert.o
 .group         0x00000000        0xc ../build/obj/staticSrc/assert.o
 .group         0x00000000        0xc ../build/obj/staticSrc/assert.o
 .group         0x00000000        0xc ../build/obj/staticSrc/assert.o
 .group         0x00000000        0xc ../build/obj/staticSrc/assert.o
 .group         0x00000000        0xc ../build/obj/staticSrc/can.o
 .group         0x00000000        0xc ../build/obj/staticSrc/can.o
 .group         0x00000000        0xc ../build/obj/staticSrc/can.o
 .group         0x00000000        0xc ../build/obj/staticSrc/can.o
 .group         0x00000000        0xc ../build/obj/staticSrc/can.o
 .group         0x00000000        0xc ../build/obj/staticSrc/can.o
 .group         0x00000000        0xc ../build/obj/staticSrc/can.o
 .group         0x00000000        0xc ../build/obj/staticSrc/can.o
 .group         0x00000000        0xc ../build/obj/staticSrc/can.o
 .group         0x00000000        0xc ../build/obj/staticSrc/can.o
 .group         0x00000000        0xc ../build/obj/staticSrc/can.o
 .group         0x00000000        0xc ../build/obj/staticSrc/can.o
 .group         0x00000000        0xc ../build/obj/staticSrc/can.o
 .group         0x00000000        0xc ../build/obj/staticSrc/can.o
 .debug_macro   0x00000000      0xa60 ../build/obj/staticSrc/can.o
 .debug_macro   0x00000000       0x1c ../build/obj/staticSrc/can.o
 .debug_macro   0x00000000       0x22 ../build/obj/staticSrc/can.o
 .debug_macro   0x00000000       0x8e ../build/obj/staticSrc/can.o
 .debug_macro   0x00000000       0x51 ../build/obj/staticSrc/can.o
 .debug_macro   0x00000000      0x103 ../build/obj/staticSrc/can.o
 .debug_macro   0x00000000       0x6a ../build/obj/staticSrc/can.o
 .debug_macro   0x00000000      0x1df ../build/obj/staticSrc/can.o
 .debug_macro   0x00000000       0x22 ../build/obj/staticSrc/can.o
 .debug_macro   0x00000000       0xe8 ../build/obj/staticSrc/can.o
 .group         0x00000000        0xc ../build/obj/staticSrc/desig_common_v1.o
 .group         0x00000000        0xc ../build/obj/staticSrc/desig_common_v1.o
 .group         0x00000000        0xc ../build/obj/staticSrc/desig_common_v1.o
 .group         0x00000000        0xc ../build/obj/staticSrc/desig_common_v1.o
 .group         0x00000000        0xc ../build/obj/staticSrc/desig_common_v1.o
 .group         0x00000000        0xc ../build/obj/staticSrc/desig_common_v1.o
 .group         0x00000000        0xc ../build/obj/staticSrc/desig_common_v1.o
 .group         0x00000000        0xc ../build/obj/staticSrc/desig_common_v1.o
 .group         0x00000000        0xc ../build/obj/staticSrc/desig_common_v1.o
 .group         0x00000000        0xc ../build/obj/staticSrc/desig_common_v1.o
 .group         0x00000000        0xc ../build/obj/staticSrc/desig_common_v1.o
 .group         0x00000000        0xc ../build/obj/staticSrc/desig_common_v1.o
 .debug_macro   0x00000000      0xa60 ../build/obj/staticSrc/desig_common_v1.o
 .debug_macro   0x00000000       0x1c ../build/obj/staticSrc/desig_common_v1.o
 .debug_macro   0x00000000       0x22 ../build/obj/staticSrc/desig_common_v1.o
 .debug_macro   0x00000000       0x8e ../build/obj/staticSrc/desig_common_v1.o
 .debug_macro   0x00000000       0x51 ../build/obj/staticSrc/desig_common_v1.o
 .debug_macro   0x00000000      0x103 ../build/obj/staticSrc/desig_common_v1.o
 .debug_macro   0x00000000       0x6a ../build/obj/staticSrc/desig_common_v1.o
 .debug_macro   0x00000000      0x1df ../build/obj/staticSrc/desig_common_v1.o
 .debug_macro   0x00000000       0x22 ../build/obj/staticSrc/desig_common_v1.o
 .debug_macro   0x00000000       0xe8 ../build/obj/staticSrc/desig_common_v1.o
 .debug_macro   0x00000000       0x76 ../build/obj/staticSrc/desig_common_v1.o
 .debug_macro   0x00000000      0x1b4 ../build/obj/staticSrc/desig_common_v1.o
 .group         0x00000000        0xc ../build/obj/staticSrc/flash_common_f01.o
 .group         0x00000000        0xc ../build/obj/staticSrc/flash_common_f01.o
 .group         0x00000000        0xc ../build/obj/staticSrc/flash_common_f01.o
 .group         0x00000000        0xc ../build/obj/staticSrc/flash_common_f01.o
 .group         0x00000000        0xc ../build/obj/staticSrc/flash_common_f01.o
 .group         0x00000000        0xc ../build/obj/staticSrc/flash_common_f01.o
 .group         0x00000000        0xc ../build/obj/staticSrc/flash_common_f01.o
 .group         0x00000000        0xc ../build/obj/staticSrc/flash_common_f01.o
 .group         0x00000000        0xc ../build/obj/staticSrc/flash_common_f01.o
 .group         0x00000000        0xc ../build/obj/staticSrc/flash_common_f01.o
 .group         0x00000000        0xc ../build/obj/staticSrc/flash_common_f01.o
 .group         0x00000000        0xc ../build/obj/staticSrc/flash_common_f01.o
 .group         0x00000000        0xc ../build/obj/staticSrc/flash_common_f01.o
 .group         0x00000000        0xc ../build/obj/staticSrc/flash_common_f01.o
 .debug_macro   0x00000000      0xa60 ../build/obj/staticSrc/flash_common_f01.o
 .debug_macro   0x00000000       0x1c ../build/obj/staticSrc/flash_common_f01.o
 .debug_macro   0x00000000       0x22 ../build/obj/staticSrc/flash_common_f01.o
 .debug_macro   0x00000000       0x8e ../build/obj/staticSrc/flash_common_f01.o
 .debug_macro   0x00000000       0x51 ../build/obj/staticSrc/flash_common_f01.o
 .debug_macro   0x00000000      0x103 ../build/obj/staticSrc/flash_common_f01.o
 .debug_macro   0x00000000       0x6a ../build/obj/staticSrc/flash_common_f01.o
 .debug_macro   0x00000000      0x1df ../build/obj/staticSrc/flash_common_f01.o
 .debug_macro   0x00000000       0x22 ../build/obj/staticSrc/flash_common_f01.o
 .debug_macro   0x00000000       0xe8 ../build/obj/staticSrc/flash_common_f01.o
 .debug_macro   0x00000000       0x76 ../build/obj/staticSrc/flash_common_f01.o
 .debug_macro   0x00000000      0x1b4 ../build/obj/staticSrc/flash_common_f01.o
 .group         0x00000000        0xc ../build/obj/staticSrc/flash.o
 .group         0x00000000        0xc ../build/obj/staticSrc/flash.o
 .group         0x00000000        0xc ../build/obj/staticSrc/flash.o
 .group         0x00000000        0xc ../build/obj/staticSrc/flash.o
 .group         0x00000000        0xc ../build/obj/staticSrc/flash.o
 .group         0x00000000        0xc ../build/obj/staticSrc/flash.o
 .group         0x00000000        0xc ../build/obj/staticSrc/flash.o
 .group         0x00000000        0xc ../build/obj/staticSrc/flash.o
 .group         0x00000000        0xc ../build/obj/staticSrc/flash.o
 .group         0x00000000        0xc ../build/obj/staticSrc/flash.o
 .group         0x00000000        0xc ../build/obj/staticSrc/flash.o
 .group         0x00000000        0xc ../build/obj/staticSrc/flash.o
 .group         0x00000000        0xc ../build/obj/staticSrc/flash.o
 .group         0x00000000        0xc ../build/obj/staticSrc/flash.o
 .debug_macro   0x00000000      0xa60 ../build/obj/staticSrc/flash.o
 .debug_macro   0x00000000       0x1c ../build/obj/staticSrc/flash.o
 .debug_macro   0x00000000       0x22 ../build/obj/staticSrc/flash.o
 .debug_macro   0x00000000       0x8e ../build/obj/staticSrc/flash.o
 .debug_macro   0x00000000       0x51 ../build/obj/staticSrc/flash.o
 .debug_macro   0x00000000      0x103 ../build/obj/staticSrc/flash.o
 .debug_macro   0x00000000       0x6a ../build/obj/staticSrc/flash.o
 .debug_macro   0x00000000      0x1df ../build/obj/staticSrc/flash.o
 .debug_macro   0x00000000       0x22 ../build/obj/staticSrc/flash.o
 .debug_macro   0x00000000       0xe8 ../build/obj/staticSrc/flash.o
 .debug_macro   0x00000000       0x76 ../build/obj/staticSrc/flash.o
 .debug_macro   0x00000000      0x1b4 ../build/obj/staticSrc/flash.o
 .debug_macro   0x00000000       0xee ../build/obj/staticSrc/flash.o
 .debug_macro   0x00000000       0x82 ../build/obj/staticSrc/flash.o
 .group         0x00000000        0xc ../build/obj/staticSrc/gpio.o
 .group         0x00000000        0xc ../build/obj/staticSrc/gpio.o
 .group         0x00000000        0xc ../build/obj/staticSrc/gpio.o
 .group         0x00000000        0xc ../build/obj/staticSrc/gpio.o
 .group         0x00000000        0xc ../build/obj/staticSrc/gpio.o
 .group         0x00000000        0xc ../build/obj/staticSrc/gpio.o
 .group         0x00000000        0xc ../build/obj/staticSrc/gpio.o
 .group         0x00000000        0xc ../build/obj/staticSrc/gpio.o
 .group         0x00000000        0xc ../build/obj/staticSrc/gpio.o
 .group         0x00000000        0xc ../build/obj/staticSrc/gpio.o
 .group         0x00000000        0xc ../build/obj/staticSrc/gpio.o
 .group         0x00000000        0xc ../build/obj/staticSrc/gpio.o
 .group         0x00000000        0xc ../build/obj/staticSrc/gpio.o
 .group         0x00000000        0xc ../build/obj/staticSrc/gpio.o
 .debug_macro   0x00000000      0xa60 ../build/obj/staticSrc/gpio.o
 .debug_macro   0x00000000       0x1c ../build/obj/staticSrc/gpio.o
 .debug_macro   0x00000000       0x22 ../build/obj/staticSrc/gpio.o
 .debug_macro   0x00000000       0x8e ../build/obj/staticSrc/gpio.o
 .debug_macro   0x00000000       0x51 ../build/obj/staticSrc/gpio.o
 .debug_macro   0x00000000      0x103 ../build/obj/staticSrc/gpio.o
 .debug_macro   0x00000000       0x6a ../build/obj/staticSrc/gpio.o
 .debug_macro   0x00000000      0x1df ../build/obj/staticSrc/gpio.o
 .debug_macro   0x00000000       0x22 ../build/obj/staticSrc/gpio.o
 .debug_macro   0x00000000       0xe8 ../build/obj/staticSrc/gpio.o
 .debug_macro   0x00000000       0x76 ../build/obj/staticSrc/gpio.o
 .debug_macro   0x00000000      0x1b4 ../build/obj/staticSrc/gpio.o
 .group         0x00000000        0xc ../build/obj/staticSrc/flash_common_all.o
 .group         0x00000000        0xc ../build/obj/staticSrc/flash_common_all.o
 .group         0x00000000        0xc ../build/obj/staticSrc/flash_common_all.o
 .group         0x00000000        0xc ../build/obj/staticSrc/flash_common_all.o
 .group         0x00000000        0xc ../build/obj/staticSrc/flash_common_all.o
 .group         0x00000000        0xc ../build/obj/staticSrc/flash_common_all.o
 .group         0x00000000        0xc ../build/obj/staticSrc/flash_common_all.o
 .group         0x00000000        0xc ../build/obj/staticSrc/flash_common_all.o
 .group         0x00000000        0xc ../build/obj/staticSrc/flash_common_all.o
 .group         0x00000000        0xc ../build/obj/staticSrc/flash_common_all.o
 .group         0x00000000        0xc ../build/obj/staticSrc/flash_common_all.o
 .group         0x00000000        0xc ../build/obj/staticSrc/flash_common_all.o
 .group         0x00000000        0xc ../build/obj/staticSrc/flash_common_all.o
 .group         0x00000000        0xc ../build/obj/staticSrc/flash_common_all.o
 .debug_macro   0x00000000      0xa60 ../build/obj/staticSrc/flash_common_all.o
 .debug_macro   0x00000000       0x1c ../build/obj/staticSrc/flash_common_all.o
 .debug_macro   0x00000000       0x22 ../build/obj/staticSrc/flash_common_all.o
 .debug_macro   0x00000000       0x8e ../build/obj/staticSrc/flash_common_all.o
 .debug_macro   0x00000000       0x51 ../build/obj/staticSrc/flash_common_all.o
 .debug_macro   0x00000000      0x103 ../build/obj/staticSrc/flash_common_all.o
 .debug_macro   0x00000000       0x6a ../build/obj/staticSrc/flash_common_all.o
 .debug_macro   0x00000000      0x1df ../build/obj/staticSrc/flash_common_all.o
 .debug_macro   0x00000000       0x22 ../build/obj/staticSrc/flash_common_all.o
 .debug_macro   0x00000000       0xe8 ../build/obj/staticSrc/flash_common_all.o
 .debug_macro   0x00000000       0x76 ../build/obj/staticSrc/flash_common_all.o
 .debug_macro   0x00000000      0x1b4 ../build/obj/staticSrc/flash_common_all.o
 .debug_macro   0x00000000       0xee ../build/obj/staticSrc/flash_common_all.o
 .debug_macro   0x00000000       0x82 ../build/obj/staticSrc/flash_common_all.o
 .group         0x00000000        0xc ../build/obj/staticSrc/flash_common_f.o
 .group         0x00000000        0xc ../build/obj/staticSrc/flash_common_f.o
 .group         0x00000000        0xc ../build/obj/staticSrc/flash_common_f.o
 .group         0x00000000        0xc ../build/obj/staticSrc/flash_common_f.o
 .group         0x00000000        0xc ../build/obj/staticSrc/flash_common_f.o
 .group         0x00000000        0xc ../build/obj/staticSrc/flash_common_f.o
 .group         0x00000000        0xc ../build/obj/staticSrc/flash_common_f.o
 .group         0x00000000        0xc ../build/obj/staticSrc/flash_common_f.o
 .group         0x00000000        0xc ../build/obj/staticSrc/flash_common_f.o
 .group         0x00000000        0xc ../build/obj/staticSrc/flash_common_f.o
 .group         0x00000000        0xc ../build/obj/staticSrc/flash_common_f.o
 .group         0x00000000        0xc ../build/obj/staticSrc/flash_common_f.o
 .group         0x00000000        0xc ../build/obj/staticSrc/flash_common_f.o
 .group         0x00000000        0xc ../build/obj/staticSrc/flash_common_f.o
 .debug_macro   0x00000000      0xa60 ../build/obj/staticSrc/flash_common_f.o
 .debug_macro   0x00000000       0x1c ../build/obj/staticSrc/flash_common_f.o
 .debug_macro   0x00000000       0x22 ../build/obj/staticSrc/flash_common_f.o
 .debug_macro   0x00000000       0x8e ../build/obj/staticSrc/flash_common_f.o
 .debug_macro   0x00000000       0x51 ../build/obj/staticSrc/flash_common_f.o
 .debug_macro   0x00000000      0x103 ../build/obj/staticSrc/flash_common_f.o
 .debug_macro   0x00000000       0x6a ../build/obj/staticSrc/flash_common_f.o
 .debug_macro   0x00000000      0x1df ../build/obj/staticSrc/flash_common_f.o
 .debug_macro   0x00000000       0x22 ../build/obj/staticSrc/flash_common_f.o
 .debug_macro   0x00000000       0xe8 ../build/obj/staticSrc/flash_common_f.o
 .debug_macro   0x00000000       0x76 ../build/obj/staticSrc/flash_common_f.o
 .debug_macro   0x00000000      0x1b4 ../build/obj/staticSrc/flash_common_f.o
 .debug_macro   0x00000000       0xee ../build/obj/staticSrc/flash_common_f.o
 .debug_macro   0x00000000       0x82 ../build/obj/staticSrc/flash_common_f.o
 .group         0x00000000        0xc ../build/obj/staticSrc/gpio_common_all.o
 .group         0x00000000        0xc ../build/obj/staticSrc/gpio_common_all.o
 .group         0x00000000        0xc ../build/obj/staticSrc/gpio_common_all.o
 .group         0x00000000        0xc ../build/obj/staticSrc/gpio_common_all.o
 .group         0x00000000        0xc ../build/obj/staticSrc/gpio_common_all.o
 .group         0x00000000        0xc ../build/obj/staticSrc/gpio_common_all.o
 .group         0x00000000        0xc ../build/obj/staticSrc/gpio_common_all.o
 .group         0x00000000        0xc ../build/obj/staticSrc/gpio_common_all.o
 .group         0x00000000        0xc ../build/obj/staticSrc/gpio_common_all.o
 .group         0x00000000        0xc ../build/obj/staticSrc/gpio_common_all.o
 .group         0x00000000        0xc ../build/obj/staticSrc/gpio_common_all.o
 .group         0x00000000        0xc ../build/obj/staticSrc/gpio_common_all.o
 .group         0x00000000        0xc ../build/obj/staticSrc/gpio_common_all.o
 .group         0x00000000        0xc ../build/obj/staticSrc/gpio_common_all.o
 .debug_macro   0x00000000      0xa60 ../build/obj/staticSrc/gpio_common_all.o
 .debug_macro   0x00000000       0x1c ../build/obj/staticSrc/gpio_common_all.o
 .debug_macro   0x00000000       0x22 ../build/obj/staticSrc/gpio_common_all.o
 .debug_macro   0x00000000       0x8e ../build/obj/staticSrc/gpio_common_all.o
 .debug_macro   0x00000000       0x51 ../build/obj/staticSrc/gpio_common_all.o
 .debug_macro   0x00000000      0x103 ../build/obj/staticSrc/gpio_common_all.o
 .debug_macro   0x00000000       0x6a ../build/obj/staticSrc/gpio_common_all.o
 .debug_macro   0x00000000      0x1df ../build/obj/staticSrc/gpio_common_all.o
 .debug_macro   0x00000000       0x22 ../build/obj/staticSrc/gpio_common_all.o
 .debug_macro   0x00000000       0xe8 ../build/obj/staticSrc/gpio_common_all.o
 .debug_macro   0x00000000       0x76 ../build/obj/staticSrc/gpio_common_all.o
 .debug_macro   0x00000000      0x1b4 ../build/obj/staticSrc/gpio_common_all.o
 .debug_macro   0x00000000       0x76 ../build/obj/staticSrc/gpio_common_all.o
 .debug_macro   0x00000000      0xe2e ../build/obj/staticSrc/gpio_common_all.o
 .group         0x00000000        0xc ../build/obj/staticSrc/rcc_common_all.o
 .group         0x00000000        0xc ../build/obj/staticSrc/rcc_common_all.o
 .group         0x00000000        0xc ../build/obj/staticSrc/rcc_common_all.o
 .group         0x00000000        0xc ../build/obj/staticSrc/rcc_common_all.o
 .group         0x00000000        0xc ../build/obj/staticSrc/rcc_common_all.o
 .group         0x00000000        0xc ../build/obj/staticSrc/rcc_common_all.o
 .group         0x00000000        0xc ../build/obj/staticSrc/rcc_common_all.o
 .group         0x00000000        0xc ../build/obj/staticSrc/rcc_common_all.o
 .group         0x00000000        0xc ../build/obj/staticSrc/rcc_common_all.o
 .group         0x00000000        0xc ../build/obj/staticSrc/rcc_common_all.o
 .group         0x00000000        0xc ../build/obj/staticSrc/rcc_common_all.o
 .group         0x00000000        0xc ../build/obj/staticSrc/rcc_common_all.o
 .group         0x00000000        0xc ../build/obj/staticSrc/rcc_common_all.o
 .debug_macro   0x00000000      0xa60 ../build/obj/staticSrc/rcc_common_all.o
 .debug_macro   0x00000000       0x1c ../build/obj/staticSrc/rcc_common_all.o
 .debug_macro   0x00000000       0x22 ../build/obj/staticSrc/rcc_common_all.o
 .debug_macro   0x00000000       0x8e ../build/obj/staticSrc/rcc_common_all.o
 .debug_macro   0x00000000       0x51 ../build/obj/staticSrc/rcc_common_all.o
 .debug_macro   0x00000000      0x103 ../build/obj/staticSrc/rcc_common_all.o
 .debug_macro   0x00000000       0x6a ../build/obj/staticSrc/rcc_common_all.o
 .debug_macro   0x00000000      0x1df ../build/obj/staticSrc/rcc_common_all.o
 .debug_macro   0x00000000       0x22 ../build/obj/staticSrc/rcc_common_all.o
 .debug_macro   0x00000000       0xe8 ../build/obj/staticSrc/rcc_common_all.o
 .debug_macro   0x00000000       0x76 ../build/obj/staticSrc/rcc_common_all.o
 .debug_macro   0x00000000      0x1b4 ../build/obj/staticSrc/rcc_common_all.o
 .debug_macro   0x00000000      0x8c6 ../build/obj/staticSrc/rcc_common_all.o
 .group         0x00000000        0xc ../build/obj/staticSrc/rcc.o
 .group         0x00000000        0xc ../build/obj/staticSrc/rcc.o
 .group         0x00000000        0xc ../build/obj/staticSrc/rcc.o
 .group         0x00000000        0xc ../build/obj/staticSrc/rcc.o
 .group         0x00000000        0xc ../build/obj/staticSrc/rcc.o
 .group         0x00000000        0xc ../build/obj/staticSrc/rcc.o
 .group         0x00000000        0xc ../build/obj/staticSrc/rcc.o
 .group         0x00000000        0xc ../build/obj/staticSrc/rcc.o
 .group         0x00000000        0xc ../build/obj/staticSrc/rcc.o
 .group         0x00000000        0xc ../build/obj/staticSrc/rcc.o
 .group         0x00000000        0xc ../build/obj/staticSrc/rcc.o
 .group         0x00000000        0xc ../build/obj/staticSrc/rcc.o
 .group         0x00000000        0xc ../build/obj/staticSrc/rcc.o
 .group         0x00000000        0xc ../build/obj/staticSrc/rcc.o
 .group         0x00000000        0xc ../build/obj/staticSrc/rcc.o
 .group         0x00000000        0xc ../build/obj/staticSrc/rcc.o
 .debug_macro   0x00000000      0xa60 ../build/obj/staticSrc/rcc.o
 .debug_macro   0x00000000       0x1c ../build/obj/staticSrc/rcc.o
 .debug_macro   0x00000000       0x22 ../build/obj/staticSrc/rcc.o
 .debug_macro   0x00000000       0x8e ../build/obj/staticSrc/rcc.o
 .debug_macro   0x00000000       0x51 ../build/obj/staticSrc/rcc.o
 .debug_macro   0x00000000      0x103 ../build/obj/staticSrc/rcc.o
 .debug_macro   0x00000000       0x6a ../build/obj/staticSrc/rcc.o
 .debug_macro   0x00000000      0x1df ../build/obj/staticSrc/rcc.o
 .debug_macro   0x00000000       0x22 ../build/obj/staticSrc/rcc.o
 .debug_macro   0x00000000       0xe8 ../build/obj/staticSrc/rcc.o
 .debug_macro   0x00000000       0x16 ../build/obj/staticSrc/rcc.o
 .debug_macro   0x00000000       0x76 ../build/obj/staticSrc/rcc.o
 .debug_macro   0x00000000      0x1b4 ../build/obj/staticSrc/rcc.o
 .debug_macro   0x00000000      0x8c6 ../build/obj/staticSrc/rcc.o
 .debug_macro   0x00000000       0xee ../build/obj/staticSrc/rcc.o
 .debug_macro   0x00000000       0x82 ../build/obj/staticSrc/rcc.o
 .group         0x00000000        0xc ../build/obj/userSrc/startup.o
 .group         0x00000000        0xc ../build/obj/userSrc/startup.o
 .group         0x00000000        0xc ../build/obj/userSrc/startup.o
 .group         0x00000000        0xc ../build/obj/userSrc/startup.o
 .group         0x00000000        0xc ../build/obj/userSrc/startup.o
 .group         0x00000000        0xc ../build/obj/userSrc/startup.o
 .group         0x00000000        0xc ../build/obj/userSrc/startup.o
 .group         0x00000000        0xc ../build/obj/userSrc/startup.o
 .group         0x00000000        0xc ../build/obj/userSrc/startup.o
 .group         0x00000000        0xc ../build/obj/userSrc/startup.o
 .group         0x00000000        0xc ../build/obj/userSrc/startup.o
 .group         0x00000000        0xc ../build/obj/userSrc/startup.o
 .group         0x00000000        0xc ../build/obj/userSrc/startup.o
 .group         0x00000000        0xc ../build/obj/userSrc/startup.o
 .group         0x00000000        0xc ../build/obj/userSrc/startup.o
 .group         0x00000000        0xc ../build/obj/userSrc/startup.o
 .group         0x00000000        0xc ../build/obj/userSrc/startup.o
 .group         0x00000000        0xc ../build/obj/userSrc/startup.o
 .debug_macro   0x00000000      0xa60 ../build/obj/userSrc/startup.o
 .debug_macro   0x00000000       0x22 ../build/obj/userSrc/startup.o
 .debug_macro   0x00000000       0x8e ../build/obj/userSrc/startup.o
 .debug_macro   0x00000000       0x51 ../build/obj/userSrc/startup.o
 .debug_macro   0x00000000      0x103 ../build/obj/userSrc/startup.o
 .debug_macro   0x00000000       0x6a ../build/obj/userSrc/startup.o
 .debug_macro   0x00000000      0x1df ../build/obj/userSrc/startup.o
 .debug_macro   0x00000000       0x22 ../build/obj/userSrc/startup.o
 .debug_macro   0x00000000       0x76 ../build/obj/userSrc/startup.o
 .debug_macro   0x00000000      0x8c6 ../build/obj/userSrc/startup.o
 .debug_macro   0x00000000       0x76 ../build/obj/userSrc/startup.o
 .debug_macro   0x00000000      0xe2e ../build/obj/userSrc/startup.o
 .debug_macro   0x00000000       0xee ../build/obj/userSrc/startup.o
 .debug_macro   0x00000000       0x82 ../build/obj/userSrc/startup.o
 .group         0x00000000        0xc ../build/obj/userSrc/main.o
 .group         0x00000000        0xc ../build/obj/userSrc/main.o
 .group         0x00000000        0xc ../build/obj/userSrc/main.o
 .group         0x00000000        0xc ../build/obj/userSrc/main.o
 .group         0x00000000        0xc ../build/obj/userSrc/main.o
 .group         0x00000000        0xc ../build/obj/userSrc/main.o
 .group         0x00000000        0xc ../build/obj/userSrc/main.o
 .group         0x00000000        0xc ../build/obj/userSrc/main.o
 .group         0x00000000        0xc ../build/obj/userSrc/main.o
 .group         0x00000000        0xc ../build/obj/userSrc/main.o
 .group         0x00000000        0xc ../build/obj/userSrc/main.o
 .group         0x00000000        0xc ../build/obj/userSrc/main.o
 .group         0x00000000        0xc ../build/obj/userSrc/main.o
 .group         0x00000000        0xc ../build/obj/userSrc/main.o
 .group         0x00000000        0xc ../build/obj/userSrc/main.o
 .group         0x00000000        0xc ../build/obj/userSrc/main.o
 .group         0x00000000        0xc ../build/obj/userSrc/main.o
 .group         0x00000000        0xc ../build/obj/userSrc/main.o
 .debug_macro   0x00000000      0xa60 ../build/obj/userSrc/main.o
 .debug_macro   0x00000000       0x22 ../build/obj/userSrc/main.o
 .debug_macro   0x00000000       0x8e ../build/obj/userSrc/main.o
 .debug_macro   0x00000000       0x51 ../build/obj/userSrc/main.o
 .debug_macro   0x00000000      0x103 ../build/obj/userSrc/main.o
 .debug_macro   0x00000000       0x6a ../build/obj/userSrc/main.o
 .debug_macro   0x00000000      0x1df ../build/obj/userSrc/main.o
 .debug_macro   0x00000000       0x22 ../build/obj/userSrc/main.o
 .debug_macro   0x00000000       0x76 ../build/obj/userSrc/main.o
 .debug_macro   0x00000000      0x100 ../build/obj/userSrc/main.o
 .debug_macro   0x00000000      0x395 ../build/obj/userSrc/main.o
 .debug_macro   0x00000000      0x1ba ../build/obj/userSrc/main.o
 .debug_macro   0x00000000      0x8c6 ../build/obj/userSrc/main.o
 .debug_macro   0x00000000       0x76 ../build/obj/userSrc/main.o
 .debug_macro   0x00000000      0xe2e ../build/obj/userSrc/main.o
 .debug_macro   0x00000000       0xee ../build/obj/userSrc/main.o
 .debug_macro   0x00000000       0x82 ../build/obj/userSrc/main.o
 .debug_macro   0x00000000      0x519 ../build/obj/userSrc/main.o
 .group         0x00000000        0xc ../build/obj/userSrc/interrupt.o
 .group         0x00000000        0xc ../build/obj/userSrc/interrupt.o
 .group         0x00000000        0xc ../build/obj/userSrc/interrupt.o
 .group         0x00000000        0xc ../build/obj/userSrc/interrupt.o
 .group         0x00000000        0xc ../build/obj/userSrc/interrupt.o
 .group         0x00000000        0xc ../build/obj/userSrc/interrupt.o
 .group         0x00000000        0xc ../build/obj/userSrc/interrupt.o
 .group         0x00000000        0xc ../build/obj/userSrc/interrupt.o
 .group         0x00000000        0xc ../build/obj/userSrc/interrupt.o
 .group         0x00000000        0xc ../build/obj/userSrc/interrupt.o
 .group         0x00000000        0xc ../build/obj/userSrc/interrupt.o
 .group         0x00000000        0xc ../build/obj/userSrc/interrupt.o
 .group         0x00000000        0xc ../build/obj/userSrc/interrupt.o
 .group         0x00000000        0xc ../build/obj/userSrc/interrupt.o
 .group         0x00000000        0xc ../build/obj/userSrc/interrupt.o
 .group         0x00000000        0xc ../build/obj/userSrc/interrupt.o
 .group         0x00000000        0xc ../build/obj/userSrc/interrupt.o
 .group         0x00000000        0xc ../build/obj/userSrc/interrupt.o
 .debug_macro   0x00000000      0xa60 ../build/obj/userSrc/interrupt.o
 .debug_macro   0x00000000       0x22 ../build/obj/userSrc/interrupt.o
 .debug_macro   0x00000000       0x8e ../build/obj/userSrc/interrupt.o
 .debug_macro   0x00000000       0x51 ../build/obj/userSrc/interrupt.o
 .debug_macro   0x00000000      0x103 ../build/obj/userSrc/interrupt.o
 .debug_macro   0x00000000       0x6a ../build/obj/userSrc/interrupt.o
 .debug_macro   0x00000000      0x1df ../build/obj/userSrc/interrupt.o
 .debug_macro   0x00000000       0x22 ../build/obj/userSrc/interrupt.o
 .debug_macro   0x00000000       0x76 ../build/obj/userSrc/interrupt.o
 .debug_macro   0x00000000      0x100 ../build/obj/userSrc/interrupt.o
 .debug_macro   0x00000000      0x395 ../build/obj/userSrc/interrupt.o
 .debug_macro   0x00000000      0x1ba ../build/obj/userSrc/interrupt.o
 .debug_macro   0x00000000      0x8c6 ../build/obj/userSrc/interrupt.o
 .debug_macro   0x00000000       0x76 ../build/obj/userSrc/interrupt.o
 .debug_macro   0x00000000      0xe2e ../build/obj/userSrc/interrupt.o
 .debug_macro   0x00000000       0xee ../build/obj/userSrc/interrupt.o
 .debug_macro   0x00000000       0x82 ../build/obj/userSrc/interrupt.o
 .debug_macro   0x00000000      0x519 ../build/obj/userSrc/interrupt.o

Memory Configuration

Name             Origin             Length             Attributes
VECTAB           0x08000000         0x00000110         xr
FLASH            0x08000110         0x00007eef         xr
SRAM             0x20000000         0x00002800         xrw
*default*        0x00000000         0xffffffff

Linker script and memory map

LOAD ../build/obj/staticSrc/assert.o
LOAD ../build/obj/staticSrc/can.o
LOAD ../build/obj/staticSrc/desig_common_v1.o
LOAD ../build/obj/staticSrc/flash_common_f01.o
LOAD ../build/obj/staticSrc/flash.o
LOAD ../build/obj/staticSrc/gpio.o
LOAD ../build/obj/staticSrc/flash_common_all.o
LOAD ../build/obj/staticSrc/flash_common_f.o
LOAD ../build/obj/staticSrc/gpio_common_all.o
LOAD ../build/obj/staticSrc/rcc_common_all.o
LOAD ../build/obj/staticSrc/rcc.o
LOAD ../build/obj/userSrc/startup.o
LOAD ../build/obj/userSrc/main.o
LOAD ../build/obj/userSrc/interrupt.o

.intvec         0x08000000      0x10c
                0x08000000                _intvec_start_ = .
 *(.intvec)
 .intvec        0x08000000      0x10c ../build/obj/userSrc/interrupt.o
                0x08000000                vectorTable
                0x0800010c                . = ALIGN (0x4)
                0x0800010c                _intvec_end_ = .

.text           0x08000110     0x2a0c
                0x08000110                _stext = .
 *(.text)
 .text          0x08000110       0x18 ../build/obj/staticSrc/assert.o
                0x08000110                cm3_assert_failed
                0x08000116                cm3_assert_failed_verbose
 .text          0x08000128      0xb8c ../build/obj/staticSrc/can.o
                0x08000128                can_reset
                0x08000158                can_init
                0x0800034c                can_filter_init
                0x0800044c                can_filter_id_mask_16bit_init
                0x08000498                can_filter_id_mask_32bit_init
                0x080004c6                can_filter_id_list_16bit_init
                0x08000512                can_filter_id_list_32bit_init
                0x08000540                can_enable_irq
                0x08000566                can_disable_irq
                0x0800058c                can_transmit
                0x08000726                can_fifo_release
                0x08000764                can_receive
                0x080008b0                can_available_mailbox
                0x080008d6                initCanPck
                0x08000948                canReceive
                0x08000ad8                canTransmit
                0x08000c9e                canErrorHandler
 .text          0x08000cb4       0x58 ../build/obj/staticSrc/desig_common_v1.o
                0x08000cb4                desig_get_flash_size
                0x08000ccc                desig_get_unique_id
 .text          0x08000d0c      0x11c ../build/obj/staticSrc/flash_common_f01.o
                0x08000d0c                flash_clear_pgerr_flag
                0x08000d28                flash_clear_wrprterr_flag
                0x08000d44                flash_wait_for_last_operation
                0x08000d5e                flash_program_word
                0x08000d8e                flash_erase_option_bytes
                0x08000dd8                flash_program_option_bytes
 .text          0x08000e28      0x304 ../build/obj/staticSrc/flash.o
                0x08000e28                flash_halfcycle_enable
                0x08000e44                flash_halfcycle_disable
                0x08000e60                flash_unlock_upper
                0x08000e9c                flash_lock_upper
                0x08000eb8                flash_clear_pgerr_flag_upper
                0x08000edc                flash_clear_eop_flag_upper
                0x08000f00                flash_clear_wrprterr_flag_upper
                0x08000f24                flash_clear_status_flags
                0x08000f50                flash_get_status_flags
                0x08000f8c                flash_program_half_word
                0x08001018                flash_erase_page
                0x080010c8                flash_erase_all_pages
 .text          0x0800112c      0x16c ../build/obj/staticSrc/gpio.o
                0x0800112c                gpio_set_mode
                0x08001214                gpio_set_eventout
                0x08001244                gpio_primary_remap
                0x08001274                gpio_secondary_remap
 .text          0x08001298       0x90 ../build/obj/staticSrc/flash_common_all.o
                0x08001298                flash_prefetch_enable
                0x080012b4                flash_prefetch_disable
                0x080012d0                flash_set_ws
                0x08001304                flash_unlock_option_bytes
 .text          0x08001328       0x5c ../build/obj/staticSrc/flash_common_f.o
                0x08001328                flash_unlock
                0x0800134c                flash_lock
                0x08001368                flash_clear_eop_flag
 .text          0x08001384      0x11c ../build/obj/staticSrc/gpio_common_all.o
                0x08001384                gpio_set
                0x080013a4                gpio_clear
                0x080013c4                gpio_get
                0x080013e8                gpio_toggle
                0x0800141e                gpio_port_read
                0x08001438                gpio_port_write
                0x08001458                gpio_port_config_lock
 .text          0x080014a0      0x318 ../build/obj/staticSrc/rcc_common_all.o
                0x080014a0                rcc_peripheral_enable_clock
                0x080014c0                rcc_peripheral_disable_clock
                0x080014e2                rcc_peripheral_reset
                0x08001502                rcc_peripheral_clear_reset
                0x08001524                rcc_periph_clock_enable
                0x0800156c                rcc_periph_clock_disable
                0x080015b6                rcc_periph_reset_pulse
                0x08001634                rcc_periph_reset_hold
                0x0800167c                rcc_periph_reset_release
                0x080016c6                rcc_set_mco
                0x080016f0                rcc_osc_bypass_enable
                0x08001734                rcc_osc_bypass_disable
                0x08001778                rcc_get_div_from_hpre
 .text          0x080017b8      0xfbc ../build/obj/staticSrc/rcc.o
                0x080017b8                rcc_osc_ready_int_clear
                0x0800185c                rcc_osc_ready_int_enable
                0x08001900                rcc_osc_ready_int_disable
                0x080019a4                rcc_osc_ready_int_flag
                0x08001a74                rcc_css_int_clear
                0x08001a90                rcc_css_int_flag
                0x08001ab4                rcc_is_osc_ready
                0x08001b8c                rcc_wait_for_osc_ready
                0x08001bb6                rcc_osc_on
                0x08001c60                rcc_osc_off
                0x08001d0c                rcc_css_enable
                0x08001d28                rcc_css_disable
                0x08001d44                rcc_set_sysclk_source
                0x08001d6c                rcc_set_pll_multiplication_factor
                0x08001d94                rcc_set_pll2_multiplication_factor
                0x08001dbc                rcc_set_pll3_multiplication_factor
                0x08001de4                rcc_set_pll_source
                0x08001e0c                rcc_set_pllxtpre
                0x08001e34                rcc_rtc_clock_enabled_flag
                0x08001e4c                rcc_enable_rtc_clock
                0x08001e68                rcc_set_rtc_clock_source
                0x08001f68                rcc_set_adcpre
                0x08001f90                rcc_set_ppre2
                0x08001fb8                rcc_set_ppre1
                0x08001fe0                rcc_set_hpre
                0x08002008                rcc_set_usbpre
                0x08002040                rcc_set_prediv1
                0x08002068                rcc_set_prediv2
                0x08002090                rcc_set_prediv1_source
                0x080020c8                rcc_system_clock_source
                0x080020e4                rcc_clock_setup_in_hsi_out_64mhz
                0x08002160                rcc_clock_setup_in_hsi_out_48mhz
                0x080021e4                rcc_clock_setup_in_hsi_out_24mhz
                0x0800225c                rcc_clock_setup_in_hse_8mhz_out_24mhz
                0x080022ec                rcc_clock_setup_in_hse_8mhz_out_72mhz
                0x08002380                rcc_clock_setup_in_hse_12mhz_out_72mhz
                0x08002414                rcc_clock_setup_in_hse_16mhz_out_72mhz
                0x080024a8                rcc_clock_setup_in_hse_25mhz_out_72mhz
                0x08002554                rcc_clock_setup_pll
                0x0800268c                rcc_backupdomain_reset
                0x080026b4                rcc_get_usart_clk_freq
                0x080026e4                rcc_get_timer_clk_freq
                0x08002758                rcc_get_i2c_clk_freq
 .text          0x08002774       0x78 ../build/obj/userSrc/startup.o
                0x08002774                Reset_Handler
                0x08002784                initDataNbss
 .text          0x080027ec      0x204 ../build/obj/userSrc/main.o
                0x080027ec                delay
                0x08002818                JumpToApp
                0x0800285c                main
 .text          0x080029f0       0x3c ../build/obj/userSrc/interrupt.o
                0x080029f0                RTC_Alarm_IRQHandler
                0x080029f0                EXTI2_IRQHandler
                0x080029f0                I2C1_ER_IRQHandler
                0x080029f0                TIM1_CC_IRQHandler
                0x080029f0                USART1_IRQHandler
                0x080029f0                FLASH_IRQHandler
                0x080029f0                PVD_IRQHandler
                0x080029f0                CAN1_SCE_IRQHandler
                0x080029f0                DMA1_Channel2_IRQHandler
                0x080029f0                EXTI3_IRQHandler
                0x080029f0                EXTI0_IRQHandler
                0x080029f0                USART2_IRQHandler
                0x080029f0                ADC1_2_IRQHandler
                0x080029f0                SPI1_IRQHandler
                0x080029f0                TAMPER_IRQHandler
                0x080029f0                DMA1_Channel4_IRQHandler
                0x080029f0                DefaultHandler
                0x080029f0                RTC_IRQHandler
                0x080029f0                DMA1_Channel7_IRQHandler
                0x080029f0                CAN1_RX1_IRQHandler
                0x080029f0                I2C1_EV_IRQHandler
                0x080029f0                DMA1_Channel6_IRQHandler
                0x080029f0                TIM3_IRQHandler
                0x080029f0                RCC_IRQHandler
                0x080029f0                TIM1_TRG_COM_IRQHandler
                0x080029f0                DMA1_Channel1_IRQHandler
                0x080029f0                EXTI15_10_IRQHandler
                0x080029f0                EXTI9_5_IRQHandler
                0x080029f0                EXTI1_IRQHandler
                0x080029f0                TIM1_BRK_IRQHandler
                0x080029f0                DMA1_Channel5_IRQHandler
                0x080029f0                EXTI4_IRQHandler
                0x080029f0                USB_LP_CAN1_RX0_IRQHandler
                0x080029f0                USB_HP_CAN1_TX_IRQHandler
                0x080029f0                DMA1_Channel3_IRQHandler
                0x080029f0                TIM1_UP_IRQHandler
                0x080029f0                WWDG_IRQHandler
                0x080029f0                TIM2_IRQHandler
                0x080029f0                USBWakeUp_IRQHandler
                0x080029f6                NMI_Handler
                0x080029fc                HardFault_Handler
                0x08002a02                MemManage_Handler
                0x08002a08                BusFault_Handler
                0x08002a0e                UsageFault_Handler
                0x08002a14                SVC_Handler
                0x08002a1a                DebugMon_Handler
                0x08002a20                PendSV_Handler
                0x08002a26                SysTick_Handler
 *(.text*)
 *(.rodata)
 .rodata        0x08002a2c        0x8 ../build/obj/staticSrc/can.o
 .rodata        0x08002a34       0xe0 ../build/obj/staticSrc/rcc.o
                0x08002a34                rcc_hse_configs
                0x08002ac0                rcc_hsi_configs
 .rodata        0x08002b14        0x8 ../build/obj/userSrc/main.o
 *(.rodata*)
 *(.glue_7)
 .glue_7        0x08002b1c        0x0 linker stubs
 *(.glue_7t)
 .glue_7t       0x08002b1c        0x0 linker stubs
 *(.eh_frame)
 *(.init)
 *(.fini)
                0x08002b1c                . = ALIGN (0x4)
                0x08002b1c                _etext = .

.vfp11_veneer   0x08002b1c        0x0
 .vfp11_veneer  0x08002b1c        0x0 linker stubs

.v4_bx          0x08002b1c        0x0
 .v4_bx         0x08002b1c        0x0 linker stubs

.iplt           0x08002b1c        0x0
 .iplt          0x08002b1c        0x0 ../build/obj/staticSrc/assert.o

.rel.dyn        0x08002b1c        0x0
 .rel.iplt      0x08002b1c        0x0 ../build/obj/staticSrc/assert.o

.data           0x20000000       0x3c load address 0x08002b1c
                0x20000000                _sdata_ram = .
 *(.data)
 .data          0x20000000        0x0 ../build/obj/staticSrc/assert.o
 .data          0x20000000        0x0 ../build/obj/staticSrc/can.o
 .data          0x20000000        0x0 ../build/obj/staticSrc/desig_common_v1.o
 .data          0x20000000        0x0 ../build/obj/staticSrc/flash_common_f01.o
 .data          0x20000000        0x0 ../build/obj/staticSrc/flash.o
 .data          0x20000000        0x0 ../build/obj/staticSrc/gpio.o
 .data          0x20000000        0x0 ../build/obj/staticSrc/flash_common_all.o
 .data          0x20000000        0x0 ../build/obj/staticSrc/flash_common_f.o
 .data          0x20000000        0x0 ../build/obj/staticSrc/gpio_common_all.o
 .data          0x20000000        0x0 ../build/obj/staticSrc/rcc_common_all.o
 .data          0x20000000        0xc ../build/obj/staticSrc/rcc.o
                0x20000000                rcc_apb1_frequency
                0x20000004                rcc_apb2_frequency
                0x20000008                rcc_ahb_frequency
 .data          0x2000000c        0x0 ../build/obj/userSrc/startup.o
 .data          0x2000000c       0x30 ../build/obj/userSrc/main.o
                0x2000000c                MSR
                0x20000010                ESR
                0x20000014                FMR
                0x20000018                BTR
                0x2000001c                FIFO0
                0x20000020                FIFO1
                0x20000024                TSR
                0x20000028                RF1R
                0x2000002c                FILTERReg
                0x20000030                GPIOAODR
                0x20000034                RCCregis
                0x20000038                AFIORE
 .data          0x2000003c        0x0 ../build/obj/userSrc/interrupt.o
                0x2000003c                . = ALIGN (0x4)
                0x2000003c                _edata_ram = .

.igot.plt       0x2000003c        0x0 load address 0x08002b58
 .igot.plt      0x2000003c        0x0 ../build/obj/staticSrc/assert.o

.bss            0x2000003c        0xc load address 0x08002b58
                0x2000003c                _bss_start_ = .
 *(.bss)
 .bss           0x2000003c        0x0 ../build/obj/staticSrc/assert.o
 .bss           0x2000003c        0x0 ../build/obj/staticSrc/can.o
 .bss           0x2000003c        0x0 ../build/obj/staticSrc/desig_common_v1.o
 .bss           0x2000003c        0x0 ../build/obj/staticSrc/flash_common_f01.o
 .bss           0x2000003c        0x0 ../build/obj/staticSrc/flash.o
 .bss           0x2000003c        0x0 ../build/obj/staticSrc/gpio.o
 .bss           0x2000003c        0x0 ../build/obj/staticSrc/flash_common_all.o
 .bss           0x2000003c        0x0 ../build/obj/staticSrc/flash_common_f.o
 .bss           0x2000003c        0x0 ../build/obj/staticSrc/gpio_common_all.o
 .bss           0x2000003c        0x0 ../build/obj/staticSrc/rcc_common_all.o
 .bss           0x2000003c        0x0 ../build/obj/staticSrc/rcc.o
 .bss           0x2000003c        0x0 ../build/obj/userSrc/startup.o
 .bss           0x2000003c        0x9 ../build/obj/userSrc/main.o
                0x2000003c                dlyCnt
                0x20000040                counter
                0x20000044                currstate
 .bss           0x20000045        0x0 ../build/obj/userSrc/interrupt.o
 *(.bss*)
 *(.common)
 *(.common*)
                0x20000048                . = ALIGN (0x4)
 *fill*         0x20000045        0x3 
                0x20000048                _bss_end_ = .
OUTPUT(../build/bin/STM32F103C6_BL.elf elf32-littlearm)
LOAD linker stubs

.debug_info     0x00000000     0x2f00
 .debug_info    0x00000000       0xe7 ../build/obj/staticSrc/assert.o
 .debug_info    0x000000e7      0xbf0 ../build/obj/staticSrc/can.o
 .debug_info    0x00000cd7       0xe2 ../build/obj/staticSrc/desig_common_v1.o
 .debug_info    0x00000db9      0x152 ../build/obj/staticSrc/flash_common_f01.o
 .debug_info    0x00000f0b      0x1c8 ../build/obj/staticSrc/flash.o
 .debug_info    0x000010d3      0x1ef ../build/obj/staticSrc/gpio.o
 .debug_info    0x000012c2       0xf2 ../build/obj/staticSrc/flash_common_all.o
 .debug_info    0x000013b4       0xbe ../build/obj/staticSrc/flash_common_f.o
 .debug_info    0x00001472      0x226 ../build/obj/staticSrc/gpio_common_all.o
 .debug_info    0x00001698      0x640 ../build/obj/staticSrc/rcc_common_all.o
 .debug_info    0x00001cd8      0x8bc ../build/obj/staticSrc/rcc.o
 .debug_info    0x00002594      0x145 ../build/obj/userSrc/startup.o
 .debug_info    0x000026d9      0x65e ../build/obj/userSrc/main.o
 .debug_info    0x00002d37      0x1c9 ../build/obj/userSrc/interrupt.o

.debug_abbrev   0x00000000      0xd61
 .debug_abbrev  0x00000000       0x8a ../build/obj/staticSrc/assert.o
 .debug_abbrev  0x0000008a      0x256 ../build/obj/staticSrc/can.o
 .debug_abbrev  0x000002e0       0x8e ../build/obj/staticSrc/desig_common_v1.o
 .debug_abbrev  0x0000036e       0x9d ../build/obj/staticSrc/flash_common_f01.o
 .debug_abbrev  0x0000040b       0xe6 ../build/obj/staticSrc/flash.o
 .debug_abbrev  0x000004f1       0xb6 ../build/obj/staticSrc/gpio.o
 .debug_abbrev  0x000005a7       0x94 ../build/obj/staticSrc/flash_common_all.o
 .debug_abbrev  0x0000063b       0x56 ../build/obj/staticSrc/flash_common_f.o
 .debug_abbrev  0x00000691       0xd0 ../build/obj/staticSrc/gpio_common_all.o
 .debug_abbrev  0x00000761       0xfa ../build/obj/staticSrc/rcc_common_all.o
 .debug_abbrev  0x0000085b      0x212 ../build/obj/staticSrc/rcc.o
 .debug_abbrev  0x00000a6d       0x9b ../build/obj/userSrc/startup.o
 .debug_abbrev  0x00000b08      0x1c0 ../build/obj/userSrc/main.o
 .debug_abbrev  0x00000cc8       0x99 ../build/obj/userSrc/interrupt.o

.debug_aranges  0x00000000      0x1c0
 .debug_aranges
                0x00000000       0x20 ../build/obj/staticSrc/assert.o
 .debug_aranges
                0x00000020       0x20 ../build/obj/staticSrc/can.o
 .debug_aranges
                0x00000040       0x20 ../build/obj/staticSrc/desig_common_v1.o
 .debug_aranges
                0x00000060       0x20 ../build/obj/staticSrc/flash_common_f01.o
 .debug_aranges
                0x00000080       0x20 ../build/obj/staticSrc/flash.o
 .debug_aranges
                0x000000a0       0x20 ../build/obj/staticSrc/gpio.o
 .debug_aranges
                0x000000c0       0x20 ../build/obj/staticSrc/flash_common_all.o
 .debug_aranges
                0x000000e0       0x20 ../build/obj/staticSrc/flash_common_f.o
 .debug_aranges
                0x00000100       0x20 ../build/obj/staticSrc/gpio_common_all.o
 .debug_aranges
                0x00000120       0x20 ../build/obj/staticSrc/rcc_common_all.o
 .debug_aranges
                0x00000140       0x20 ../build/obj/staticSrc/rcc.o
 .debug_aranges
                0x00000160       0x20 ../build/obj/userSrc/startup.o
 .debug_aranges
                0x00000180       0x20 ../build/obj/userSrc/main.o
 .debug_aranges
                0x000001a0       0x20 ../build/obj/userSrc/interrupt.o

.debug_macro    0x00000000     0x46b8
 .debug_macro   0x00000000       0x89 ../build/obj/staticSrc/assert.o
 .debug_macro   0x00000089      0xa60 ../build/obj/staticSrc/assert.o
 .debug_macro   0x00000ae9       0x1c ../build/obj/staticSrc/assert.o
 .debug_macro   0x00000b05       0x22 ../build/obj/staticSrc/assert.o
 .debug_macro   0x00000b27       0x8e ../build/obj/staticSrc/assert.o
 .debug_macro   0x00000bb5       0x51 ../build/obj/staticSrc/assert.o
 .debug_macro   0x00000c06      0x103 ../build/obj/staticSrc/assert.o
 .debug_macro   0x00000d09       0x6a ../build/obj/staticSrc/assert.o
 .debug_macro   0x00000d73      0x1df ../build/obj/staticSrc/assert.o
 .debug_macro   0x00000f52       0x22 ../build/obj/staticSrc/assert.o
 .debug_macro   0x00000f74       0xe8 ../build/obj/staticSrc/assert.o
 .debug_macro   0x0000105c       0x16 ../build/obj/staticSrc/assert.o
 .debug_macro   0x00001072       0xc9 ../build/obj/staticSrc/can.o
 .debug_macro   0x0000113b       0x76 ../build/obj/staticSrc/can.o
 .debug_macro   0x000011b1      0x1b4 ../build/obj/staticSrc/can.o
 .debug_macro   0x00001365      0x513 ../build/obj/staticSrc/can.o
 .debug_macro   0x00001878      0x8c6 ../build/obj/staticSrc/can.o
 .debug_macro   0x0000213e       0xa6 ../build/obj/staticSrc/desig_common_v1.o
 .debug_macro   0x000021e4       0xc0 ../build/obj/staticSrc/flash_common_f01.o
 .debug_macro   0x000022a4       0xee ../build/obj/staticSrc/flash_common_f01.o
 .debug_macro   0x00002392       0x82 ../build/obj/staticSrc/flash_common_f01.o
 .debug_macro   0x00002414       0xca ../build/obj/staticSrc/flash.o
 .debug_macro   0x000024de       0xb8 ../build/obj/staticSrc/gpio.o
 .debug_macro   0x00002596       0x76 ../build/obj/staticSrc/gpio.o
 .debug_macro   0x0000260c      0xe2e ../build/obj/staticSrc/gpio.o
 .debug_macro   0x0000343a       0xc0 ../build/obj/staticSrc/flash_common_all.o
 .debug_macro   0x000034fa       0xc0 ../build/obj/staticSrc/flash_common_f.o
 .debug_macro   0x000035ba       0xb8 ../build/obj/staticSrc/gpio_common_all.o
 .debug_macro   0x00003672       0xce ../build/obj/staticSrc/rcc_common_all.o
 .debug_macro   0x00003740       0xe7 ../build/obj/staticSrc/rcc.o
 .debug_macro   0x00003827      0x109 ../build/obj/userSrc/startup.o
 .debug_macro   0x00003930      0x100 ../build/obj/userSrc/startup.o
 .debug_macro   0x00003a30      0x395 ../build/obj/userSrc/startup.o
 .debug_macro   0x00003dc5      0x1ba ../build/obj/userSrc/startup.o
 .debug_macro   0x00003f7f      0x519 ../build/obj/userSrc/startup.o
 .debug_macro   0x00004498      0x117 ../build/obj/userSrc/main.o
 .debug_macro   0x000045af      0x109 ../build/obj/userSrc/interrupt.o

.debug_line     0x00000000     0x3e21
 .debug_line    0x00000000      0x24a ../build/obj/staticSrc/assert.o
 .debug_line    0x0000024a      0x84d ../build/obj/staticSrc/can.o
 .debug_line    0x00000a97      0x2f5 ../build/obj/staticSrc/desig_common_v1.o
 .debug_line    0x00000d8c      0x3cd ../build/obj/staticSrc/flash_common_f01.o
 .debug_line    0x00001159      0x467 ../build/obj/staticSrc/flash.o
 .debug_line    0x000015c0      0x42e ../build/obj/staticSrc/gpio.o
 .debug_line    0x000019ee      0x37e ../build/obj/staticSrc/flash_common_all.o
 .debug_line    0x00001d6c      0x36a ../build/obj/staticSrc/flash_common_f.o
 .debug_line    0x000020d6      0x3ab ../build/obj/staticSrc/gpio_common_all.o
 .debug_line    0x00002481      0x410 ../build/obj/staticSrc/rcc_common_all.o
 .debug_line    0x00002891      0x8e9 ../build/obj/staticSrc/rcc.o
 .debug_line    0x0000317a      0x3f9 ../build/obj/userSrc/startup.o
 .debug_line    0x00003573      0x484 ../build/obj/userSrc/main.o
 .debug_line    0x000039f7      0x42a ../build/obj/userSrc/interrupt.o

.debug_str      0x00000000     0xf0dd
 .debug_str     0x00000000     0x3ed2 ../build/obj/staticSrc/assert.o
                               0x402d (size before relaxing)
 .debug_str     0x00003ed2     0x4fa9 ../build/obj/staticSrc/can.o
                               0x8ed0 (size before relaxing)
 .debug_str     0x00008e7b       0x69 ../build/obj/staticSrc/desig_common_v1.o
                               0x4d0e (size before relaxing)
 .debug_str     0x00008ee4      0x873 ../build/obj/staticSrc/flash_common_f01.o
                               0x5525 (size before relaxing)
 .debug_str     0x00009757      0x142 ../build/obj/staticSrc/flash.o
                               0x55c5 (size before relaxing)
 .debug_str     0x00009899     0x38dd ../build/obj/staticSrc/gpio.o
                               0x8599 (size before relaxing)
 .debug_str     0x0000d176       0x80 ../build/obj/staticSrc/flash_common_all.o
                               0x54c8 (size before relaxing)
 .debug_str     0x0000d1f6       0x51 ../build/obj/staticSrc/flash_common_f.o
                               0x5499 (size before relaxing)
 .debug_str     0x0000d247       0x83 ../build/obj/staticSrc/gpio_common_all.o
                               0x8583 (size before relaxing)
 .debug_str     0x0000d2ca      0x436 ../build/obj/staticSrc/rcc_common_all.o
                               0x78f2 (size before relaxing)
 .debug_str     0x0000d700      0x5ab ../build/obj/staticSrc/rcc.o
                               0x81cf (size before relaxing)
 .debug_str     0x0000dcab     0x1222 ../build/obj/userSrc/startup.o
                               0xdc47 (size before relaxing)
 .debug_str     0x0000eecd      0x148 ../build/obj/userSrc/main.o
                               0xe071 (size before relaxing)
 .debug_str     0x0000f015       0xc8 ../build/obj/userSrc/interrupt.o
                               0xdd5b (size before relaxing)

.comment        0x00000000       0x49
 .comment       0x00000000       0x49 ../build/obj/staticSrc/assert.o
                                 0x4a (size before relaxing)
 .comment       0x00000049       0x4a ../build/obj/staticSrc/can.o
 .comment       0x00000049       0x4a ../build/obj/staticSrc/desig_common_v1.o
 .comment       0x00000049       0x4a ../build/obj/staticSrc/flash_common_f01.o
 .comment       0x00000049       0x4a ../build/obj/staticSrc/flash.o
 .comment       0x00000049       0x4a ../build/obj/staticSrc/gpio.o
 .comment       0x00000049       0x4a ../build/obj/staticSrc/flash_common_all.o
 .comment       0x00000049       0x4a ../build/obj/staticSrc/flash_common_f.o
 .comment       0x00000049       0x4a ../build/obj/staticSrc/gpio_common_all.o
 .comment       0x00000049       0x4a ../build/obj/staticSrc/rcc_common_all.o
 .comment       0x00000049       0x4a ../build/obj/staticSrc/rcc.o
 .comment       0x00000049       0x4a ../build/obj/userSrc/startup.o
 .comment       0x00000049       0x4a ../build/obj/userSrc/main.o
 .comment       0x00000049       0x4a ../build/obj/userSrc/interrupt.o

.ARM.attributes
                0x00000000       0x2d
 .ARM.attributes
                0x00000000       0x2d ../build/obj/staticSrc/assert.o
 .ARM.attributes
                0x0000002d       0x2d ../build/obj/staticSrc/can.o
 .ARM.attributes
                0x0000005a       0x2d ../build/obj/staticSrc/desig_common_v1.o
 .ARM.attributes
                0x00000087       0x2d ../build/obj/staticSrc/flash_common_f01.o
 .ARM.attributes
                0x000000b4       0x2d ../build/obj/staticSrc/flash.o
 .ARM.attributes
                0x000000e1       0x2d ../build/obj/staticSrc/gpio.o
 .ARM.attributes
                0x0000010e       0x2d ../build/obj/staticSrc/flash_common_all.o
 .ARM.attributes
                0x0000013b       0x2d ../build/obj/staticSrc/flash_common_f.o
 .ARM.attributes
                0x00000168       0x2d ../build/obj/staticSrc/gpio_common_all.o
 .ARM.attributes
                0x00000195       0x2d ../build/obj/staticSrc/rcc_common_all.o
 .ARM.attributes
                0x000001c2       0x2d ../build/obj/staticSrc/rcc.o
 .ARM.attributes
                0x000001ef       0x2d ../build/obj/userSrc/startup.o
 .ARM.attributes
                0x0000021c       0x2d ../build/obj/userSrc/main.o
 .ARM.attributes
                0x00000249       0x2d ../build/obj/userSrc/interrupt.o

.debug_frame    0x00000000     0x1270
 .debug_frame   0x00000000       0x48 ../build/obj/staticSrc/assert.o
 .debug_frame   0x00000048      0x29c ../build/obj/staticSrc/can.o
 .debug_frame   0x000002e4       0x58 ../build/obj/staticSrc/desig_common_v1.o
 .debug_frame   0x0000033c       0xd0 ../build/obj/staticSrc/flash_common_f01.o
 .debug_frame   0x0000040c      0x184 ../build/obj/staticSrc/flash.o
 .debug_frame   0x00000590       0xb0 ../build/obj/staticSrc/gpio.o
 .debug_frame   0x00000640       0x98 ../build/obj/staticSrc/flash_common_all.o
 .debug_frame   0x000006d8       0x70 ../build/obj/staticSrc/flash_common_f.o
 .debug_frame   0x00000748      0x124 ../build/obj/staticSrc/gpio_common_all.o
 .debug_frame   0x0000086c      0x218 ../build/obj/staticSrc/rcc_common_all.o
 .debug_frame   0x00000a84      0x61c ../build/obj/staticSrc/rcc.o
 .debug_frame   0x000010a0       0x54 ../build/obj/userSrc/startup.o
 .debug_frame   0x000010f4       0x7c ../build/obj/userSrc/main.o
 .debug_frame   0x00001170      0x100 ../build/obj/userSrc/interrupt.o
