
Discarded input sections

 .group         0x00000000        0xc ../build/obj/staticSrc/assert.o
 .group         0x00000000        0xc ../build/obj/staticSrc/assert.o
 .group         0x00000000        0xc ../build/obj/staticSrc/assert.o
 .group         0x00000000        0xc ../build/obj/staticSrc/assert.o
 .group         0x00000000        0xc ../build/obj/staticSrc/assert.o
 .group         0x00000000        0xc ../build/obj/staticSrc/assert.o
 .group         0x00000000        0xc ../build/obj/staticSrc/assert.o
 .group         0x00000000        0xc ../build/obj/staticSrc/assert.o
 .group         0x00000000        0xc ../build/obj/staticSrc/assert.o
 .group         0x00000000        0xc ../build/obj/staticSrc/assert.o
 .group         0x00000000        0xc ../build/obj/staticSrc/assert.o
 .group         0x00000000        0xc ../build/obj/staticSrc/can.o
 .group         0x00000000        0xc ../build/obj/staticSrc/can.o
 .group         0x00000000        0xc ../build/obj/staticSrc/can.o
 .group         0x00000000        0xc ../build/obj/staticSrc/can.o
 .group         0x00000000        0xc ../build/obj/staticSrc/can.o
 .group         0x00000000        0xc ../build/obj/staticSrc/can.o
 .group         0x00000000        0xc ../build/obj/staticSrc/can.o
 .group         0x00000000        0xc ../build/obj/staticSrc/can.o
 .group         0x00000000        0xc ../build/obj/staticSrc/can.o
 .group         0x00000000        0xc ../build/obj/staticSrc/can.o
 .group         0x00000000        0xc ../build/obj/staticSrc/can.o
 .group         0x00000000        0xc ../build/obj/staticSrc/can.o
 .group         0x00000000        0xc ../build/obj/staticSrc/can.o
 .group         0x00000000        0xc ../build/obj/staticSrc/can.o
 .debug_macro   0x00000000      0xa60 ../build/obj/staticSrc/can.o
 .debug_macro   0x00000000       0x1c ../build/obj/staticSrc/can.o
 .debug_macro   0x00000000       0x22 ../build/obj/staticSrc/can.o
 .debug_macro   0x00000000       0x8e ../build/obj/staticSrc/can.o
 .debug_macro   0x00000000       0x51 ../build/obj/staticSrc/can.o
 .debug_macro   0x00000000      0x103 ../build/obj/staticSrc/can.o
 .debug_macro   0x00000000       0x6a ../build/obj/staticSrc/can.o
 .debug_macro   0x00000000      0x1df ../build/obj/staticSrc/can.o
 .debug_macro   0x00000000       0x22 ../build/obj/staticSrc/can.o
 .debug_macro   0x00000000       0xe8 ../build/obj/staticSrc/can.o
 .group         0x00000000        0xc ../build/obj/staticSrc/nvic.o
 .group         0x00000000        0xc ../build/obj/staticSrc/nvic.o
 .group         0x00000000        0xc ../build/obj/staticSrc/nvic.o
 .group         0x00000000        0xc ../build/obj/staticSrc/nvic.o
 .group         0x00000000        0xc ../build/obj/staticSrc/nvic.o
 .group         0x00000000        0xc ../build/obj/staticSrc/nvic.o
 .group         0x00000000        0xc ../build/obj/staticSrc/nvic.o
 .group         0x00000000        0xc ../build/obj/staticSrc/nvic.o
 .group         0x00000000        0xc ../build/obj/staticSrc/nvic.o
 .group         0x00000000        0xc ../build/obj/staticSrc/nvic.o
 .group         0x00000000        0xc ../build/obj/staticSrc/nvic.o
 .group         0x00000000        0xc ../build/obj/staticSrc/nvic.o
 .group         0x00000000        0xc ../build/obj/staticSrc/nvic.o
 .debug_macro   0x00000000      0xa60 ../build/obj/staticSrc/nvic.o
 .debug_macro   0x00000000       0x1c ../build/obj/staticSrc/nvic.o
 .debug_macro   0x00000000       0x22 ../build/obj/staticSrc/nvic.o
 .debug_macro   0x00000000       0x8e ../build/obj/staticSrc/nvic.o
 .debug_macro   0x00000000       0x51 ../build/obj/staticSrc/nvic.o
 .debug_macro   0x00000000      0x103 ../build/obj/staticSrc/nvic.o
 .debug_macro   0x00000000       0x6a ../build/obj/staticSrc/nvic.o
 .debug_macro   0x00000000      0x1df ../build/obj/staticSrc/nvic.o
 .debug_macro   0x00000000       0x22 ../build/obj/staticSrc/nvic.o
 .debug_macro   0x00000000       0xe8 ../build/obj/staticSrc/nvic.o
 .debug_macro   0x00000000       0x76 ../build/obj/staticSrc/nvic.o
 .group         0x00000000        0xc ../build/obj/staticSrc/desig_common_v1.o
 .group         0x00000000        0xc ../build/obj/staticSrc/desig_common_v1.o
 .group         0x00000000        0xc ../build/obj/staticSrc/desig_common_v1.o
 .group         0x00000000        0xc ../build/obj/staticSrc/desig_common_v1.o
 .group         0x00000000        0xc ../build/obj/staticSrc/desig_common_v1.o
 .group         0x00000000        0xc ../build/obj/staticSrc/desig_common_v1.o
 .group         0x00000000        0xc ../build/obj/staticSrc/desig_common_v1.o
 .group         0x00000000        0xc ../build/obj/staticSrc/desig_common_v1.o
 .group         0x00000000        0xc ../build/obj/staticSrc/desig_common_v1.o
 .group         0x00000000        0xc ../build/obj/staticSrc/desig_common_v1.o
 .group         0x00000000        0xc ../build/obj/staticSrc/desig_common_v1.o
 .group         0x00000000        0xc ../build/obj/staticSrc/desig_common_v1.o
 .debug_macro   0x00000000      0xa60 ../build/obj/staticSrc/desig_common_v1.o
 .debug_macro   0x00000000       0x1c ../build/obj/staticSrc/desig_common_v1.o
 .debug_macro   0x00000000       0x22 ../build/obj/staticSrc/desig_common_v1.o
 .debug_macro   0x00000000       0x8e ../build/obj/staticSrc/desig_common_v1.o
 .debug_macro   0x00000000       0x51 ../build/obj/staticSrc/desig_common_v1.o
 .debug_macro   0x00000000      0x103 ../build/obj/staticSrc/desig_common_v1.o
 .debug_macro   0x00000000       0x6a ../build/obj/staticSrc/desig_common_v1.o
 .debug_macro   0x00000000      0x1df ../build/obj/staticSrc/desig_common_v1.o
 .debug_macro   0x00000000       0x22 ../build/obj/staticSrc/desig_common_v1.o
 .debug_macro   0x00000000       0xe8 ../build/obj/staticSrc/desig_common_v1.o
 .debug_macro   0x00000000       0x76 ../build/obj/staticSrc/desig_common_v1.o
 .debug_macro   0x00000000      0x1b4 ../build/obj/staticSrc/desig_common_v1.o
 .group         0x00000000        0xc ../build/obj/staticSrc/flash_common_f01.o
 .group         0x00000000        0xc ../build/obj/staticSrc/flash_common_f01.o
 .group         0x00000000        0xc ../build/obj/staticSrc/flash_common_f01.o
 .group         0x00000000        0xc ../build/obj/staticSrc/flash_common_f01.o
 .group         0x00000000        0xc ../build/obj/staticSrc/flash_common_f01.o
 .group         0x00000000        0xc ../build/obj/staticSrc/flash_common_f01.o
 .group         0x00000000        0xc ../build/obj/staticSrc/flash_common_f01.o
 .group         0x00000000        0xc ../build/obj/staticSrc/flash_common_f01.o
 .group         0x00000000        0xc ../build/obj/staticSrc/flash_common_f01.o
 .group         0x00000000        0xc ../build/obj/staticSrc/flash_common_f01.o
 .group         0x00000000        0xc ../build/obj/staticSrc/flash_common_f01.o
 .group         0x00000000        0xc ../build/obj/staticSrc/flash_common_f01.o
 .group         0x00000000        0xc ../build/obj/staticSrc/flash_common_f01.o
 .group         0x00000000        0xc ../build/obj/staticSrc/flash_common_f01.o
 .debug_macro   0x00000000      0xa60 ../build/obj/staticSrc/flash_common_f01.o
 .debug_macro   0x00000000       0x1c ../build/obj/staticSrc/flash_common_f01.o
 .debug_macro   0x00000000       0x22 ../build/obj/staticSrc/flash_common_f01.o
 .debug_macro   0x00000000       0x8e ../build/obj/staticSrc/flash_common_f01.o
 .debug_macro   0x00000000       0x51 ../build/obj/staticSrc/flash_common_f01.o
 .debug_macro   0x00000000      0x103 ../build/obj/staticSrc/flash_common_f01.o
 .debug_macro   0x00000000       0x6a ../build/obj/staticSrc/flash_common_f01.o
 .debug_macro   0x00000000      0x1df ../build/obj/staticSrc/flash_common_f01.o
 .debug_macro   0x00000000       0x22 ../build/obj/staticSrc/flash_common_f01.o
 .debug_macro   0x00000000       0xe8 ../build/obj/staticSrc/flash_common_f01.o
 .debug_macro   0x00000000       0x76 ../build/obj/staticSrc/flash_common_f01.o
 .debug_macro   0x00000000      0x1b4 ../build/obj/staticSrc/flash_common_f01.o
 .group         0x00000000        0xc ../build/obj/staticSrc/flash.o
 .group         0x00000000        0xc ../build/obj/staticSrc/flash.o
 .group         0x00000000        0xc ../build/obj/staticSrc/flash.o
 .group         0x00000000        0xc ../build/obj/staticSrc/flash.o
 .group         0x00000000        0xc ../build/obj/staticSrc/flash.o
 .group         0x00000000        0xc ../build/obj/staticSrc/flash.o
 .group         0x00000000        0xc ../build/obj/staticSrc/flash.o
 .group         0x00000000        0xc ../build/obj/staticSrc/flash.o
 .group         0x00000000        0xc ../build/obj/staticSrc/flash.o
 .group         0x00000000        0xc ../build/obj/staticSrc/flash.o
 .group         0x00000000        0xc ../build/obj/staticSrc/flash.o
 .group         0x00000000        0xc ../build/obj/staticSrc/flash.o
 .group         0x00000000        0xc ../build/obj/staticSrc/flash.o
 .group         0x00000000        0xc ../build/obj/staticSrc/flash.o
 .debug_macro   0x00000000      0xa60 ../build/obj/staticSrc/flash.o
 .debug_macro   0x00000000       0x1c ../build/obj/staticSrc/flash.o
 .debug_macro   0x00000000       0x22 ../build/obj/staticSrc/flash.o
 .debug_macro   0x00000000       0x8e ../build/obj/staticSrc/flash.o
 .debug_macro   0x00000000       0x51 ../build/obj/staticSrc/flash.o
 .debug_macro   0x00000000      0x103 ../build/obj/staticSrc/flash.o
 .debug_macro   0x00000000       0x6a ../build/obj/staticSrc/flash.o
 .debug_macro   0x00000000      0x1df ../build/obj/staticSrc/flash.o
 .debug_macro   0x00000000       0x22 ../build/obj/staticSrc/flash.o
 .debug_macro   0x00000000       0xe8 ../build/obj/staticSrc/flash.o
 .debug_macro   0x00000000       0x76 ../build/obj/staticSrc/flash.o
 .debug_macro   0x00000000      0x1b4 ../build/obj/staticSrc/flash.o
 .debug_macro   0x00000000       0xee ../build/obj/staticSrc/flash.o
 .debug_macro   0x00000000       0x82 ../build/obj/staticSrc/flash.o
 .group         0x00000000        0xc ../build/obj/staticSrc/gpio.o
 .group         0x00000000        0xc ../build/obj/staticSrc/gpio.o
 .group         0x00000000        0xc ../build/obj/staticSrc/gpio.o
 .group         0x00000000        0xc ../build/obj/staticSrc/gpio.o
 .group         0x00000000        0xc ../build/obj/staticSrc/gpio.o
 .group         0x00000000        0xc ../build/obj/staticSrc/gpio.o
 .group         0x00000000        0xc ../build/obj/staticSrc/gpio.o
 .group         0x00000000        0xc ../build/obj/staticSrc/gpio.o
 .group         0x00000000        0xc ../build/obj/staticSrc/gpio.o
 .group         0x00000000        0xc ../build/obj/staticSrc/gpio.o
 .group         0x00000000        0xc ../build/obj/staticSrc/gpio.o
 .group         0x00000000        0xc ../build/obj/staticSrc/gpio.o
 .group         0x00000000        0xc ../build/obj/staticSrc/gpio.o
 .group         0x00000000        0xc ../build/obj/staticSrc/gpio.o
 .debug_macro   0x00000000      0xa60 ../build/obj/staticSrc/gpio.o
 .debug_macro   0x00000000       0x1c ../build/obj/staticSrc/gpio.o
 .debug_macro   0x00000000       0x22 ../build/obj/staticSrc/gpio.o
 .debug_macro   0x00000000       0x8e ../build/obj/staticSrc/gpio.o
 .debug_macro   0x00000000       0x51 ../build/obj/staticSrc/gpio.o
 .debug_macro   0x00000000      0x103 ../build/obj/staticSrc/gpio.o
 .debug_macro   0x00000000       0x6a ../build/obj/staticSrc/gpio.o
 .debug_macro   0x00000000      0x1df ../build/obj/staticSrc/gpio.o
 .debug_macro   0x00000000       0x22 ../build/obj/staticSrc/gpio.o
 .debug_macro   0x00000000       0xe8 ../build/obj/staticSrc/gpio.o
 .debug_macro   0x00000000       0x76 ../build/obj/staticSrc/gpio.o
 .debug_macro   0x00000000      0x1b4 ../build/obj/staticSrc/gpio.o
 .group         0x00000000        0xc ../build/obj/staticSrc/usart_common_all.o
 .group         0x00000000        0xc ../build/obj/staticSrc/usart_common_all.o
 .group         0x00000000        0xc ../build/obj/staticSrc/usart_common_all.o
 .group         0x00000000        0xc ../build/obj/staticSrc/usart_common_all.o
 .group         0x00000000        0xc ../build/obj/staticSrc/usart_common_all.o
 .group         0x00000000        0xc ../build/obj/staticSrc/usart_common_all.o
 .group         0x00000000        0xc ../build/obj/staticSrc/usart_common_all.o
 .group         0x00000000        0xc ../build/obj/staticSrc/usart_common_all.o
 .group         0x00000000        0xc ../build/obj/staticSrc/usart_common_all.o
 .group         0x00000000        0xc ../build/obj/staticSrc/usart_common_all.o
 .group         0x00000000        0xc ../build/obj/staticSrc/usart_common_all.o
 .group         0x00000000        0xc ../build/obj/staticSrc/usart_common_all.o
 .group         0x00000000        0xc ../build/obj/staticSrc/usart_common_all.o
 .group         0x00000000        0xc ../build/obj/staticSrc/usart_common_all.o
 .group         0x00000000        0xc ../build/obj/staticSrc/usart_common_all.o
 .debug_macro   0x00000000      0xa60 ../build/obj/staticSrc/usart_common_all.o
 .debug_macro   0x00000000       0x1c ../build/obj/staticSrc/usart_common_all.o
 .debug_macro   0x00000000       0x22 ../build/obj/staticSrc/usart_common_all.o
 .debug_macro   0x00000000       0x8e ../build/obj/staticSrc/usart_common_all.o
 .debug_macro   0x00000000       0x51 ../build/obj/staticSrc/usart_common_all.o
 .debug_macro   0x00000000      0x103 ../build/obj/staticSrc/usart_common_all.o
 .debug_macro   0x00000000       0x6a ../build/obj/staticSrc/usart_common_all.o
 .debug_macro   0x00000000      0x1df ../build/obj/staticSrc/usart_common_all.o
 .debug_macro   0x00000000       0x22 ../build/obj/staticSrc/usart_common_all.o
 .debug_macro   0x00000000       0xe8 ../build/obj/staticSrc/usart_common_all.o
 .debug_macro   0x00000000       0x76 ../build/obj/staticSrc/usart_common_all.o
 .debug_macro   0x00000000      0x1b4 ../build/obj/staticSrc/usart_common_all.o
 .debug_macro   0x00000000      0x8c6 ../build/obj/staticSrc/usart_common_all.o
 .group         0x00000000        0xc ../build/obj/staticSrc/flash_common_all.o
 .group         0x00000000        0xc ../build/obj/staticSrc/flash_common_all.o
 .group         0x00000000        0xc ../build/obj/staticSrc/flash_common_all.o
 .group         0x00000000        0xc ../build/obj/staticSrc/flash_common_all.o
 .group         0x00000000        0xc ../build/obj/staticSrc/flash_common_all.o
 .group         0x00000000        0xc ../build/obj/staticSrc/flash_common_all.o
 .group         0x00000000        0xc ../build/obj/staticSrc/flash_common_all.o
 .group         0x00000000        0xc ../build/obj/staticSrc/flash_common_all.o
 .group         0x00000000        0xc ../build/obj/staticSrc/flash_common_all.o
 .group         0x00000000        0xc ../build/obj/staticSrc/flash_common_all.o
 .group         0x00000000        0xc ../build/obj/staticSrc/flash_common_all.o
 .group         0x00000000        0xc ../build/obj/staticSrc/flash_common_all.o
 .group         0x00000000        0xc ../build/obj/staticSrc/flash_common_all.o
 .group         0x00000000        0xc ../build/obj/staticSrc/flash_common_all.o
 .debug_macro   0x00000000      0xa60 ../build/obj/staticSrc/flash_common_all.o
 .debug_macro   0x00000000       0x1c ../build/obj/staticSrc/flash_common_all.o
 .debug_macro   0x00000000       0x22 ../build/obj/staticSrc/flash_common_all.o
 .debug_macro   0x00000000       0x8e ../build/obj/staticSrc/flash_common_all.o
 .debug_macro   0x00000000       0x51 ../build/obj/staticSrc/flash_common_all.o
 .debug_macro   0x00000000      0x103 ../build/obj/staticSrc/flash_common_all.o
 .debug_macro   0x00000000       0x6a ../build/obj/staticSrc/flash_common_all.o
 .debug_macro   0x00000000      0x1df ../build/obj/staticSrc/flash_common_all.o
 .debug_macro   0x00000000       0x22 ../build/obj/staticSrc/flash_common_all.o
 .debug_macro   0x00000000       0xe8 ../build/obj/staticSrc/flash_common_all.o
 .debug_macro   0x00000000       0x76 ../build/obj/staticSrc/flash_common_all.o
 .debug_macro   0x00000000      0x1b4 ../build/obj/staticSrc/flash_common_all.o
 .debug_macro   0x00000000       0xee ../build/obj/staticSrc/flash_common_all.o
 .debug_macro   0x00000000       0x82 ../build/obj/staticSrc/flash_common_all.o
 .group         0x00000000        0xc ../build/obj/staticSrc/flash_common_f.o
 .group         0x00000000        0xc ../build/obj/staticSrc/flash_common_f.o
 .group         0x00000000        0xc ../build/obj/staticSrc/flash_common_f.o
 .group         0x00000000        0xc ../build/obj/staticSrc/flash_common_f.o
 .group         0x00000000        0xc ../build/obj/staticSrc/flash_common_f.o
 .group         0x00000000        0xc ../build/obj/staticSrc/flash_common_f.o
 .group         0x00000000        0xc ../build/obj/staticSrc/flash_common_f.o
 .group         0x00000000        0xc ../build/obj/staticSrc/flash_common_f.o
 .group         0x00000000        0xc ../build/obj/staticSrc/flash_common_f.o
 .group         0x00000000        0xc ../build/obj/staticSrc/flash_common_f.o
 .group         0x00000000        0xc ../build/obj/staticSrc/flash_common_f.o
 .group         0x00000000        0xc ../build/obj/staticSrc/flash_common_f.o
 .group         0x00000000        0xc ../build/obj/staticSrc/flash_common_f.o
 .group         0x00000000        0xc ../build/obj/staticSrc/flash_common_f.o
 .debug_macro   0x00000000      0xa60 ../build/obj/staticSrc/flash_common_f.o
 .debug_macro   0x00000000       0x1c ../build/obj/staticSrc/flash_common_f.o
 .debug_macro   0x00000000       0x22 ../build/obj/staticSrc/flash_common_f.o
 .debug_macro   0x00000000       0x8e ../build/obj/staticSrc/flash_common_f.o
 .debug_macro   0x00000000       0x51 ../build/obj/staticSrc/flash_common_f.o
 .debug_macro   0x00000000      0x103 ../build/obj/staticSrc/flash_common_f.o
 .debug_macro   0x00000000       0x6a ../build/obj/staticSrc/flash_common_f.o
 .debug_macro   0x00000000      0x1df ../build/obj/staticSrc/flash_common_f.o
 .debug_macro   0x00000000       0x22 ../build/obj/staticSrc/flash_common_f.o
 .debug_macro   0x00000000       0xe8 ../build/obj/staticSrc/flash_common_f.o
 .debug_macro   0x00000000       0x76 ../build/obj/staticSrc/flash_common_f.o
 .debug_macro   0x00000000      0x1b4 ../build/obj/staticSrc/flash_common_f.o
 .debug_macro   0x00000000       0xee ../build/obj/staticSrc/flash_common_f.o
 .debug_macro   0x00000000       0x82 ../build/obj/staticSrc/flash_common_f.o
 .group         0x00000000        0xc ../build/obj/staticSrc/usart_common_f124.o
 .group         0x00000000        0xc ../build/obj/staticSrc/usart_common_f124.o
 .group         0x00000000        0xc ../build/obj/staticSrc/usart_common_f124.o
 .group         0x00000000        0xc ../build/obj/staticSrc/usart_common_f124.o
 .group         0x00000000        0xc ../build/obj/staticSrc/usart_common_f124.o
 .group         0x00000000        0xc ../build/obj/staticSrc/usart_common_f124.o
 .group         0x00000000        0xc ../build/obj/staticSrc/usart_common_f124.o
 .group         0x00000000        0xc ../build/obj/staticSrc/usart_common_f124.o
 .group         0x00000000        0xc ../build/obj/staticSrc/usart_common_f124.o
 .group         0x00000000        0xc ../build/obj/staticSrc/usart_common_f124.o
 .group         0x00000000        0xc ../build/obj/staticSrc/usart_common_f124.o
 .group         0x00000000        0xc ../build/obj/staticSrc/usart_common_f124.o
 .group         0x00000000        0xc ../build/obj/staticSrc/usart_common_f124.o
 .group         0x00000000        0xc ../build/obj/staticSrc/usart_common_f124.o
 .group         0x00000000        0xc ../build/obj/staticSrc/usart_common_f124.o
 .debug_macro   0x00000000      0xa60 ../build/obj/staticSrc/usart_common_f124.o
 .debug_macro   0x00000000       0x1c ../build/obj/staticSrc/usart_common_f124.o
 .debug_macro   0x00000000       0x22 ../build/obj/staticSrc/usart_common_f124.o
 .debug_macro   0x00000000       0x8e ../build/obj/staticSrc/usart_common_f124.o
 .debug_macro   0x00000000       0x51 ../build/obj/staticSrc/usart_common_f124.o
 .debug_macro   0x00000000      0x103 ../build/obj/staticSrc/usart_common_f124.o
 .debug_macro   0x00000000       0x6a ../build/obj/staticSrc/usart_common_f124.o
 .debug_macro   0x00000000      0x1df ../build/obj/staticSrc/usart_common_f124.o
 .debug_macro   0x00000000       0x22 ../build/obj/staticSrc/usart_common_f124.o
 .debug_macro   0x00000000       0xe8 ../build/obj/staticSrc/usart_common_f124.o
 .debug_macro   0x00000000       0x76 ../build/obj/staticSrc/usart_common_f124.o
 .debug_macro   0x00000000      0x1b4 ../build/obj/staticSrc/usart_common_f124.o
 .debug_macro   0x00000000       0x94 ../build/obj/staticSrc/usart_common_f124.o
 .debug_macro   0x00000000      0x29e ../build/obj/staticSrc/usart_common_f124.o
 .debug_macro   0x00000000      0x8c6 ../build/obj/staticSrc/usart_common_f124.o
 .group         0x00000000        0xc ../build/obj/staticSrc/gpio_common_all.o
 .group         0x00000000        0xc ../build/obj/staticSrc/gpio_common_all.o
 .group         0x00000000        0xc ../build/obj/staticSrc/gpio_common_all.o
 .group         0x00000000        0xc ../build/obj/staticSrc/gpio_common_all.o
 .group         0x00000000        0xc ../build/obj/staticSrc/gpio_common_all.o
 .group         0x00000000        0xc ../build/obj/staticSrc/gpio_common_all.o
 .group         0x00000000        0xc ../build/obj/staticSrc/gpio_common_all.o
 .group         0x00000000        0xc ../build/obj/staticSrc/gpio_common_all.o
 .group         0x00000000        0xc ../build/obj/staticSrc/gpio_common_all.o
 .group         0x00000000        0xc ../build/obj/staticSrc/gpio_common_all.o
 .group         0x00000000        0xc ../build/obj/staticSrc/gpio_common_all.o
 .group         0x00000000        0xc ../build/obj/staticSrc/gpio_common_all.o
 .group         0x00000000        0xc ../build/obj/staticSrc/gpio_common_all.o
 .group         0x00000000        0xc ../build/obj/staticSrc/gpio_common_all.o
 .debug_macro   0x00000000      0xa60 ../build/obj/staticSrc/gpio_common_all.o
 .debug_macro   0x00000000       0x1c ../build/obj/staticSrc/gpio_common_all.o
 .debug_macro   0x00000000       0x22 ../build/obj/staticSrc/gpio_common_all.o
 .debug_macro   0x00000000       0x8e ../build/obj/staticSrc/gpio_common_all.o
 .debug_macro   0x00000000       0x51 ../build/obj/staticSrc/gpio_common_all.o
 .debug_macro   0x00000000      0x103 ../build/obj/staticSrc/gpio_common_all.o
 .debug_macro   0x00000000       0x6a ../build/obj/staticSrc/gpio_common_all.o
 .debug_macro   0x00000000      0x1df ../build/obj/staticSrc/gpio_common_all.o
 .debug_macro   0x00000000       0x22 ../build/obj/staticSrc/gpio_common_all.o
 .debug_macro   0x00000000       0xe8 ../build/obj/staticSrc/gpio_common_all.o
 .debug_macro   0x00000000       0x76 ../build/obj/staticSrc/gpio_common_all.o
 .debug_macro   0x00000000      0x1b4 ../build/obj/staticSrc/gpio_common_all.o
 .debug_macro   0x00000000       0x76 ../build/obj/staticSrc/gpio_common_all.o
 .debug_macro   0x00000000      0xe2e ../build/obj/staticSrc/gpio_common_all.o
 .group         0x00000000        0xc ../build/obj/staticSrc/rcc_common_all.o
 .group         0x00000000        0xc ../build/obj/staticSrc/rcc_common_all.o
 .group         0x00000000        0xc ../build/obj/staticSrc/rcc_common_all.o
 .group         0x00000000        0xc ../build/obj/staticSrc/rcc_common_all.o
 .group         0x00000000        0xc ../build/obj/staticSrc/rcc_common_all.o
 .group         0x00000000        0xc ../build/obj/staticSrc/rcc_common_all.o
 .group         0x00000000        0xc ../build/obj/staticSrc/rcc_common_all.o
 .group         0x00000000        0xc ../build/obj/staticSrc/rcc_common_all.o
 .group         0x00000000        0xc ../build/obj/staticSrc/rcc_common_all.o
 .group         0x00000000        0xc ../build/obj/staticSrc/rcc_common_all.o
 .group         0x00000000        0xc ../build/obj/staticSrc/rcc_common_all.o
 .group         0x00000000        0xc ../build/obj/staticSrc/rcc_common_all.o
 .group         0x00000000        0xc ../build/obj/staticSrc/rcc_common_all.o
 .debug_macro   0x00000000      0xa60 ../build/obj/staticSrc/rcc_common_all.o
 .debug_macro   0x00000000       0x1c ../build/obj/staticSrc/rcc_common_all.o
 .debug_macro   0x00000000       0x22 ../build/obj/staticSrc/rcc_common_all.o
 .debug_macro   0x00000000       0x8e ../build/obj/staticSrc/rcc_common_all.o
 .debug_macro   0x00000000       0x51 ../build/obj/staticSrc/rcc_common_all.o
 .debug_macro   0x00000000      0x103 ../build/obj/staticSrc/rcc_common_all.o
 .debug_macro   0x00000000       0x6a ../build/obj/staticSrc/rcc_common_all.o
 .debug_macro   0x00000000      0x1df ../build/obj/staticSrc/rcc_common_all.o
 .debug_macro   0x00000000       0x22 ../build/obj/staticSrc/rcc_common_all.o
 .debug_macro   0x00000000       0xe8 ../build/obj/staticSrc/rcc_common_all.o
 .debug_macro   0x00000000       0x76 ../build/obj/staticSrc/rcc_common_all.o
 .debug_macro   0x00000000      0x1b4 ../build/obj/staticSrc/rcc_common_all.o
 .debug_macro   0x00000000      0x8c6 ../build/obj/staticSrc/rcc_common_all.o
 .group         0x00000000        0xc ../build/obj/staticSrc/rcc.o
 .group         0x00000000        0xc ../build/obj/staticSrc/rcc.o
 .group         0x00000000        0xc ../build/obj/staticSrc/rcc.o
 .group         0x00000000        0xc ../build/obj/staticSrc/rcc.o
 .group         0x00000000        0xc ../build/obj/staticSrc/rcc.o
 .group         0x00000000        0xc ../build/obj/staticSrc/rcc.o
 .group         0x00000000        0xc ../build/obj/staticSrc/rcc.o
 .group         0x00000000        0xc ../build/obj/staticSrc/rcc.o
 .group         0x00000000        0xc ../build/obj/staticSrc/rcc.o
 .group         0x00000000        0xc ../build/obj/staticSrc/rcc.o
 .group         0x00000000        0xc ../build/obj/staticSrc/rcc.o
 .group         0x00000000        0xc ../build/obj/staticSrc/rcc.o
 .group         0x00000000        0xc ../build/obj/staticSrc/rcc.o
 .group         0x00000000        0xc ../build/obj/staticSrc/rcc.o
 .group         0x00000000        0xc ../build/obj/staticSrc/rcc.o
 .group         0x00000000        0xc ../build/obj/staticSrc/rcc.o
 .debug_macro   0x00000000      0xa60 ../build/obj/staticSrc/rcc.o
 .debug_macro   0x00000000       0x1c ../build/obj/staticSrc/rcc.o
 .debug_macro   0x00000000       0x22 ../build/obj/staticSrc/rcc.o
 .debug_macro   0x00000000       0x8e ../build/obj/staticSrc/rcc.o
 .debug_macro   0x00000000       0x51 ../build/obj/staticSrc/rcc.o
 .debug_macro   0x00000000      0x103 ../build/obj/staticSrc/rcc.o
 .debug_macro   0x00000000       0x6a ../build/obj/staticSrc/rcc.o
 .debug_macro   0x00000000      0x1df ../build/obj/staticSrc/rcc.o
 .debug_macro   0x00000000       0x22 ../build/obj/staticSrc/rcc.o
 .debug_macro   0x00000000       0xe8 ../build/obj/staticSrc/rcc.o
 .debug_macro   0x00000000       0x16 ../build/obj/staticSrc/rcc.o
 .debug_macro   0x00000000       0x76 ../build/obj/staticSrc/rcc.o
 .debug_macro   0x00000000      0x1b4 ../build/obj/staticSrc/rcc.o
 .debug_macro   0x00000000      0x8c6 ../build/obj/staticSrc/rcc.o
 .debug_macro   0x00000000       0xee ../build/obj/staticSrc/rcc.o
 .debug_macro   0x00000000       0x82 ../build/obj/staticSrc/rcc.o
 .group         0x00000000        0xc ../build/obj/userSrc/startup.o
 .group         0x00000000        0xc ../build/obj/userSrc/startup.o
 .group         0x00000000        0xc ../build/obj/userSrc/startup.o
 .group         0x00000000        0xc ../build/obj/userSrc/startup.o
 .group         0x00000000        0xc ../build/obj/userSrc/startup.o
 .group         0x00000000        0xc ../build/obj/userSrc/startup.o
 .group         0x00000000        0xc ../build/obj/userSrc/startup.o
 .group         0x00000000        0xc ../build/obj/userSrc/startup.o
 .group         0x00000000        0xc ../build/obj/userSrc/startup.o
 .group         0x00000000        0xc ../build/obj/userSrc/startup.o
 .group         0x00000000        0xc ../build/obj/userSrc/startup.o
 .group         0x00000000        0xc ../build/obj/userSrc/startup.o
 .group         0x00000000        0xc ../build/obj/userSrc/startup.o
 .group         0x00000000        0xc ../build/obj/userSrc/startup.o
 .group         0x00000000        0xc ../build/obj/userSrc/startup.o
 .group         0x00000000        0xc ../build/obj/userSrc/startup.o
 .group         0x00000000        0xc ../build/obj/userSrc/startup.o
 .group         0x00000000        0xc ../build/obj/userSrc/startup.o
 .group         0x00000000        0xc ../build/obj/userSrc/startup.o
 .group         0x00000000        0xc ../build/obj/userSrc/startup.o
 .group         0x00000000        0xc ../build/obj/userSrc/startup.o
 .debug_macro   0x00000000      0xa60 ../build/obj/userSrc/startup.o
 .debug_macro   0x00000000       0x22 ../build/obj/userSrc/startup.o
 .debug_macro   0x00000000       0x8e ../build/obj/userSrc/startup.o
 .debug_macro   0x00000000       0x51 ../build/obj/userSrc/startup.o
 .debug_macro   0x00000000      0x103 ../build/obj/userSrc/startup.o
 .debug_macro   0x00000000       0x6a ../build/obj/userSrc/startup.o
 .debug_macro   0x00000000      0x1df ../build/obj/userSrc/startup.o
 .debug_macro   0x00000000       0x22 ../build/obj/userSrc/startup.o
 .debug_macro   0x00000000       0x76 ../build/obj/userSrc/startup.o
 .debug_macro   0x00000000      0x8c6 ../build/obj/userSrc/startup.o
 .debug_macro   0x00000000       0x76 ../build/obj/userSrc/startup.o
 .debug_macro   0x00000000      0xe2e ../build/obj/userSrc/startup.o
 .debug_macro   0x00000000       0xee ../build/obj/userSrc/startup.o
 .debug_macro   0x00000000       0x82 ../build/obj/userSrc/startup.o
 .debug_macro   0x00000000       0x94 ../build/obj/userSrc/startup.o
 .debug_macro   0x00000000      0x29e ../build/obj/userSrc/startup.o
 .group         0x00000000        0xc ../build/obj/userSrc/main.o
 .group         0x00000000        0xc ../build/obj/userSrc/main.o
 .group         0x00000000        0xc ../build/obj/userSrc/main.o
 .group         0x00000000        0xc ../build/obj/userSrc/main.o
 .group         0x00000000        0xc ../build/obj/userSrc/main.o
 .group         0x00000000        0xc ../build/obj/userSrc/main.o
 .group         0x00000000        0xc ../build/obj/userSrc/main.o
 .group         0x00000000        0xc ../build/obj/userSrc/main.o
 .group         0x00000000        0xc ../build/obj/userSrc/main.o
 .group         0x00000000        0xc ../build/obj/userSrc/main.o
 .group         0x00000000        0xc ../build/obj/userSrc/main.o
 .group         0x00000000        0xc ../build/obj/userSrc/main.o
 .group         0x00000000        0xc ../build/obj/userSrc/main.o
 .group         0x00000000        0xc ../build/obj/userSrc/main.o
 .group         0x00000000        0xc ../build/obj/userSrc/main.o
 .group         0x00000000        0xc ../build/obj/userSrc/main.o
 .group         0x00000000        0xc ../build/obj/userSrc/main.o
 .group         0x00000000        0xc ../build/obj/userSrc/main.o
 .group         0x00000000        0xc ../build/obj/userSrc/main.o
 .group         0x00000000        0xc ../build/obj/userSrc/main.o
 .group         0x00000000        0xc ../build/obj/userSrc/main.o
 .debug_macro   0x00000000      0xa60 ../build/obj/userSrc/main.o
 .debug_macro   0x00000000       0x22 ../build/obj/userSrc/main.o
 .debug_macro   0x00000000       0x8e ../build/obj/userSrc/main.o
 .debug_macro   0x00000000       0x51 ../build/obj/userSrc/main.o
 .debug_macro   0x00000000      0x103 ../build/obj/userSrc/main.o
 .debug_macro   0x00000000       0x6a ../build/obj/userSrc/main.o
 .debug_macro   0x00000000      0x1df ../build/obj/userSrc/main.o
 .debug_macro   0x00000000       0x22 ../build/obj/userSrc/main.o
 .debug_macro   0x00000000       0x76 ../build/obj/userSrc/main.o
 .debug_macro   0x00000000      0x100 ../build/obj/userSrc/main.o
 .debug_macro   0x00000000      0x395 ../build/obj/userSrc/main.o
 .debug_macro   0x00000000       0x6e ../build/obj/userSrc/main.o
 .debug_macro   0x00000000      0x1ba ../build/obj/userSrc/main.o
 .debug_macro   0x00000000      0x8c6 ../build/obj/userSrc/main.o
 .debug_macro   0x00000000       0x76 ../build/obj/userSrc/main.o
 .debug_macro   0x00000000      0xe2e ../build/obj/userSrc/main.o
 .debug_macro   0x00000000       0xee ../build/obj/userSrc/main.o
 .debug_macro   0x00000000       0x82 ../build/obj/userSrc/main.o
 .debug_macro   0x00000000      0x519 ../build/obj/userSrc/main.o
 .debug_macro   0x00000000       0x94 ../build/obj/userSrc/main.o
 .debug_macro   0x00000000      0x29e ../build/obj/userSrc/main.o
 .group         0x00000000        0xc ../build/obj/userSrc/interrupt.o
 .group         0x00000000        0xc ../build/obj/userSrc/interrupt.o
 .group         0x00000000        0xc ../build/obj/userSrc/interrupt.o
 .group         0x00000000        0xc ../build/obj/userSrc/interrupt.o
 .group         0x00000000        0xc ../build/obj/userSrc/interrupt.o
 .group         0x00000000        0xc ../build/obj/userSrc/interrupt.o
 .group         0x00000000        0xc ../build/obj/userSrc/interrupt.o
 .group         0x00000000        0xc ../build/obj/userSrc/interrupt.o
 .group         0x00000000        0xc ../build/obj/userSrc/interrupt.o
 .group         0x00000000        0xc ../build/obj/userSrc/interrupt.o
 .group         0x00000000        0xc ../build/obj/userSrc/interrupt.o
 .group         0x00000000        0xc ../build/obj/userSrc/interrupt.o
 .group         0x00000000        0xc ../build/obj/userSrc/interrupt.o
 .group         0x00000000        0xc ../build/obj/userSrc/interrupt.o
 .group         0x00000000        0xc ../build/obj/userSrc/interrupt.o
 .group         0x00000000        0xc ../build/obj/userSrc/interrupt.o
 .group         0x00000000        0xc ../build/obj/userSrc/interrupt.o
 .group         0x00000000        0xc ../build/obj/userSrc/interrupt.o
 .group         0x00000000        0xc ../build/obj/userSrc/interrupt.o
 .group         0x00000000        0xc ../build/obj/userSrc/interrupt.o
 .group         0x00000000        0xc ../build/obj/userSrc/interrupt.o
 .debug_macro   0x00000000      0xa60 ../build/obj/userSrc/interrupt.o
 .debug_macro   0x00000000       0x22 ../build/obj/userSrc/interrupt.o
 .debug_macro   0x00000000       0x8e ../build/obj/userSrc/interrupt.o
 .debug_macro   0x00000000       0x51 ../build/obj/userSrc/interrupt.o
 .debug_macro   0x00000000      0x103 ../build/obj/userSrc/interrupt.o
 .debug_macro   0x00000000       0x6a ../build/obj/userSrc/interrupt.o
 .debug_macro   0x00000000      0x1df ../build/obj/userSrc/interrupt.o
 .debug_macro   0x00000000       0x22 ../build/obj/userSrc/interrupt.o
 .debug_macro   0x00000000       0x76 ../build/obj/userSrc/interrupt.o
 .debug_macro   0x00000000      0x100 ../build/obj/userSrc/interrupt.o
 .debug_macro   0x00000000      0x395 ../build/obj/userSrc/interrupt.o
 .debug_macro   0x00000000       0x6e ../build/obj/userSrc/interrupt.o
 .debug_macro   0x00000000      0x1ba ../build/obj/userSrc/interrupt.o
 .debug_macro   0x00000000      0x8c6 ../build/obj/userSrc/interrupt.o
 .debug_macro   0x00000000       0x76 ../build/obj/userSrc/interrupt.o
 .debug_macro   0x00000000      0xe2e ../build/obj/userSrc/interrupt.o
 .debug_macro   0x00000000       0xee ../build/obj/userSrc/interrupt.o
 .debug_macro   0x00000000       0x82 ../build/obj/userSrc/interrupt.o
 .debug_macro   0x00000000      0x519 ../build/obj/userSrc/interrupt.o
 .debug_macro   0x00000000       0x94 ../build/obj/userSrc/interrupt.o
 .debug_macro   0x00000000      0x29e ../build/obj/userSrc/interrupt.o
 .group         0x00000000        0xc ../build/obj/userSrc/uart.o
 .group         0x00000000        0xc ../build/obj/userSrc/uart.o
 .group         0x00000000        0xc ../build/obj/userSrc/uart.o
 .group         0x00000000        0xc ../build/obj/userSrc/uart.o
 .group         0x00000000        0xc ../build/obj/userSrc/uart.o
 .group         0x00000000        0xc ../build/obj/userSrc/uart.o
 .group         0x00000000        0xc ../build/obj/userSrc/uart.o
 .group         0x00000000        0xc ../build/obj/userSrc/uart.o
 .group         0x00000000        0xc ../build/obj/userSrc/uart.o
 .group         0x00000000        0xc ../build/obj/userSrc/uart.o
 .group         0x00000000        0xc ../build/obj/userSrc/uart.o
 .group         0x00000000        0xc ../build/obj/userSrc/uart.o
 .group         0x00000000        0xc ../build/obj/userSrc/uart.o
 .debug_macro   0x00000000      0xa60 ../build/obj/userSrc/uart.o
 .debug_macro   0x00000000       0x22 ../build/obj/userSrc/uart.o
 .debug_macro   0x00000000       0x8e ../build/obj/userSrc/uart.o
 .debug_macro   0x00000000       0x51 ../build/obj/userSrc/uart.o
 .debug_macro   0x00000000      0x103 ../build/obj/userSrc/uart.o
 .debug_macro   0x00000000       0x6a ../build/obj/userSrc/uart.o
 .debug_macro   0x00000000      0x1df ../build/obj/userSrc/uart.o
 .debug_macro   0x00000000       0x22 ../build/obj/userSrc/uart.o
 .debug_macro   0x00000000      0x100 ../build/obj/userSrc/uart.o
 .debug_macro   0x00000000       0x76 ../build/obj/userSrc/uart.o
 .debug_macro   0x00000000      0x1b4 ../build/obj/userSrc/uart.o
 .debug_macro   0x00000000       0x94 ../build/obj/userSrc/uart.o
 .debug_macro   0x00000000      0x29e ../build/obj/userSrc/uart.o

Memory Configuration

Name             Origin             Length             Attributes
VECTAB           0x08000000         0x00000110         xr
FLASH            0x08000110         0x00005ef0         xr
SRAM             0x20000000         0x00002800         xrw
*default*        0x00000000         0xffffffff

Linker script and memory map

LOAD ../build/obj/staticSrc/assert.o
LOAD ../build/obj/staticSrc/can.o
LOAD ../build/obj/staticSrc/nvic.o
LOAD ../build/obj/staticSrc/desig_common_v1.o
LOAD ../build/obj/staticSrc/flash_common_f01.o
LOAD ../build/obj/staticSrc/flash.o
LOAD ../build/obj/staticSrc/gpio.o
LOAD ../build/obj/staticSrc/usart_common_all.o
LOAD ../build/obj/staticSrc/flash_common_all.o
LOAD ../build/obj/staticSrc/flash_common_f.o
LOAD ../build/obj/staticSrc/usart_common_f124.o
LOAD ../build/obj/staticSrc/gpio_common_all.o
LOAD ../build/obj/staticSrc/rcc_common_all.o
LOAD ../build/obj/staticSrc/rcc.o
LOAD ../build/obj/userSrc/startup.o
LOAD ../build/obj/userSrc/main.o
LOAD ../build/obj/userSrc/interrupt.o
LOAD ../build/obj/userSrc/uart.o

.intvec         0x08000000      0x10c
                0x08000000                _intvec_start_ = .
 *(.intvec)
 .intvec        0x08000000      0x10c ../build/obj/userSrc/interrupt.o
                0x08000000                vectorTable
                0x0800010c                . = ALIGN (0x4)
                0x0800010c                _intvec_end_ = .

.text           0x08000110     0x3458
                0x08000110                _stext = .
 *(.text)
 .text          0x08000110       0x18 ../build/obj/staticSrc/assert.o
                0x08000110                cm3_assert_failed
                0x08000116                cm3_assert_failed_verbose
 .text          0x08000128      0xb8c ../build/obj/staticSrc/can.o
                0x08000128                can_reset
                0x08000158                can_init
                0x0800034c                can_filter_init
                0x0800044c                can_filter_id_mask_16bit_init
                0x08000498                can_filter_id_mask_32bit_init
                0x080004c6                can_filter_id_list_16bit_init
                0x08000512                can_filter_id_list_32bit_init
                0x08000540                can_enable_irq
                0x08000566                can_disable_irq
                0x0800058c                can_transmit
                0x08000726                can_fifo_release
                0x08000764                can_receive
                0x080008b0                can_available_mailbox
                0x080008d6                initCanPck
                0x08000948                canReceive
                0x08000ad8                canTransmit
                0x08000c9e                canErrorHandler
 .text          0x08000cb4      0x1d8 ../build/obj/staticSrc/nvic.o
                0x08000cb4                nvic_enable_irq
                0x08000ce4                nvic_disable_irq
                0x08000d18                nvic_get_pending_irq
                0x08000d56                nvic_set_pending_irq
                0x08000d86                nvic_clear_pending_irq
                0x08000db8                nvic_get_irq_enabled
                0x08000df6                nvic_set_priority
                0x08000e24                nvic_get_active_irq
                0x08000e62                nvic_generate_software_interrupt
 .text          0x08000e8c       0x58 ../build/obj/staticSrc/desig_common_v1.o
                0x08000e8c                desig_get_flash_size
                0x08000ea4                desig_get_unique_id
 .text          0x08000ee4      0x11c ../build/obj/staticSrc/flash_common_f01.o
                0x08000ee4                flash_clear_pgerr_flag
                0x08000f00                flash_clear_wrprterr_flag
                0x08000f1c                flash_wait_for_last_operation
                0x08000f36                flash_program_word
                0x08000f66                flash_erase_option_bytes
                0x08000fb0                flash_program_option_bytes
 .text          0x08001000      0x304 ../build/obj/staticSrc/flash.o
                0x08001000                flash_halfcycle_enable
                0x0800101c                flash_halfcycle_disable
                0x08001038                flash_unlock_upper
                0x08001074                flash_lock_upper
                0x08001090                flash_clear_pgerr_flag_upper
                0x080010b4                flash_clear_eop_flag_upper
                0x080010d8                flash_clear_wrprterr_flag_upper
                0x080010fc                flash_clear_status_flags
                0x08001128                flash_get_status_flags
                0x08001164                flash_program_half_word
                0x080011f0                flash_erase_page
                0x080012a0                flash_erase_all_pages
 .text          0x08001304      0x16c ../build/obj/staticSrc/gpio.o
                0x08001304                gpio_set_mode
                0x080013ec                gpio_set_eventout
                0x0800141c                gpio_primary_remap
                0x0800144c                gpio_secondary_remap
 .text          0x08001470      0x400 ../build/obj/staticSrc/usart_common_all.o
                0x08001470                usart_set_baudrate
                0x080014a0                usart_set_databits
                0x080014dc                usart_get_databits
                0x08001506                usart_set_stopbits
                0x08001538                usart_get_stopbits
                0x08001558                usart_set_parity
                0x0800158a                usart_get_parity
                0x080015aa                usart_set_mode
                0x080015dc                usart_set_flow_control
                0x0800160e                usart_enable
                0x08001630                usart_disable
                0x08001652                usart_send_blocking
                0x08001676                usart_recv_blocking
                0x08001694                usart_enable_rx_dma
                0x080016b6                usart_disable_rx_dma
                0x080016d8                usart_enable_tx_dma
                0x080016fa                usart_disable_tx_dma
                0x0800171c                usart_enable_rx_interrupt
                0x0800173e                usart_disable_rx_interrupt
                0x08001760                usart_enable_tx_interrupt
                0x08001782                usart_disable_tx_interrupt
                0x080017a4                usart_enable_tx_complete_interrupt
                0x080017c6                usart_disable_tx_complete_interrupt
                0x080017e8                usart_enable_idle_interrupt
                0x0800180a                usart_disable_idle_interrupt
                0x0800182c                usart_enable_error_interrupt
                0x0800184e                usart_disable_error_interrupt
 .text          0x08001870       0x90 ../build/obj/staticSrc/flash_common_all.o
                0x08001870                flash_prefetch_enable
                0x0800188c                flash_prefetch_disable
                0x080018a8                flash_set_ws
                0x080018dc                flash_unlock_option_bytes
 .text          0x08001900       0x5c ../build/obj/staticSrc/flash_common_f.o
                0x08001900                flash_unlock
                0x08001924                flash_lock
                0x08001940                flash_clear_eop_flag
 .text          0x0800195c       0xac ../build/obj/staticSrc/usart_common_f124.o
                0x0800195c                usart_send
                0x0800197e                usart_recv
                0x0800199e                usart_wait_send_ready
                0x080019c0                usart_wait_recv_ready
                0x080019e2                usart_get_flag
 .text          0x08001a08      0x11c ../build/obj/staticSrc/gpio_common_all.o
                0x08001a08                gpio_set
                0x08001a28                gpio_clear
                0x08001a48                gpio_get
                0x08001a6c                gpio_toggle
                0x08001aa2                gpio_port_read
                0x08001abc                gpio_port_write
                0x08001adc                gpio_port_config_lock
 .text          0x08001b24      0x318 ../build/obj/staticSrc/rcc_common_all.o
                0x08001b24                rcc_peripheral_enable_clock
                0x08001b44                rcc_peripheral_disable_clock
                0x08001b66                rcc_peripheral_reset
                0x08001b86                rcc_peripheral_clear_reset
                0x08001ba8                rcc_periph_clock_enable
                0x08001bf0                rcc_periph_clock_disable
                0x08001c3a                rcc_periph_reset_pulse
                0x08001cb8                rcc_periph_reset_hold
                0x08001d00                rcc_periph_reset_release
                0x08001d4a                rcc_set_mco
                0x08001d74                rcc_osc_bypass_enable
                0x08001db8                rcc_osc_bypass_disable
                0x08001dfc                rcc_get_div_from_hpre
 .text          0x08001e3c      0xfbc ../build/obj/staticSrc/rcc.o
                0x08001e3c                rcc_osc_ready_int_clear
                0x08001ee0                rcc_osc_ready_int_enable
                0x08001f84                rcc_osc_ready_int_disable
                0x08002028                rcc_osc_ready_int_flag
                0x080020f8                rcc_css_int_clear
                0x08002114                rcc_css_int_flag
                0x08002138                rcc_is_osc_ready
                0x08002210                rcc_wait_for_osc_ready
                0x0800223a                rcc_osc_on
                0x080022e4                rcc_osc_off
                0x08002390                rcc_css_enable
                0x080023ac                rcc_css_disable
                0x080023c8                rcc_set_sysclk_source
                0x080023f0                rcc_set_pll_multiplication_factor
                0x08002418                rcc_set_pll2_multiplication_factor
                0x08002440                rcc_set_pll3_multiplication_factor
                0x08002468                rcc_set_pll_source
                0x08002490                rcc_set_pllxtpre
                0x080024b8                rcc_rtc_clock_enabled_flag
                0x080024d0                rcc_enable_rtc_clock
                0x080024ec                rcc_set_rtc_clock_source
                0x080025ec                rcc_set_adcpre
                0x08002614                rcc_set_ppre2
                0x0800263c                rcc_set_ppre1
                0x08002664                rcc_set_hpre
                0x0800268c                rcc_set_usbpre
                0x080026c4                rcc_set_prediv1
                0x080026ec                rcc_set_prediv2
                0x08002714                rcc_set_prediv1_source
                0x0800274c                rcc_system_clock_source
                0x08002768                rcc_clock_setup_in_hsi_out_64mhz
                0x080027e4                rcc_clock_setup_in_hsi_out_48mhz
                0x08002868                rcc_clock_setup_in_hsi_out_24mhz
                0x080028e0                rcc_clock_setup_in_hse_8mhz_out_24mhz
                0x08002970                rcc_clock_setup_in_hse_8mhz_out_72mhz
                0x08002a04                rcc_clock_setup_in_hse_12mhz_out_72mhz
                0x08002a98                rcc_clock_setup_in_hse_16mhz_out_72mhz
                0x08002b2c                rcc_clock_setup_in_hse_25mhz_out_72mhz
                0x08002bd8                rcc_clock_setup_pll
                0x08002d10                rcc_backupdomain_reset
                0x08002d38                rcc_get_usart_clk_freq
                0x08002d68                rcc_get_timer_clk_freq
                0x08002ddc                rcc_get_i2c_clk_freq
 .text          0x08002df8       0x78 ../build/obj/userSrc/startup.o
                0x08002df8                Reset_Handler
                0x08002e08                initDataNbss
 .text          0x08002e70      0x3a8 ../build/obj/userSrc/main.o
                0x08002e70                delay
                0x08002e9c                JumpToApp
                0x08002ee0                canInit
                0x08002f8c                uartSetup
                0x08002ff0                erase_application
                0x0800302c                main
 .text          0x08003218       0x3c ../build/obj/userSrc/interrupt.o
                0x08003218                RTC_Alarm_IRQHandler
                0x08003218                EXTI2_IRQHandler
                0x08003218                I2C1_ER_IRQHandler
                0x08003218                TIM1_CC_IRQHandler
                0x08003218                USART1_IRQHandler
                0x08003218                FLASH_IRQHandler
                0x08003218                PVD_IRQHandler
                0x08003218                CAN1_SCE_IRQHandler
                0x08003218                DMA1_Channel2_IRQHandler
                0x08003218                EXTI3_IRQHandler
                0x08003218                EXTI0_IRQHandler
                0x08003218                USART2_IRQHandler
                0x08003218                ADC1_2_IRQHandler
                0x08003218                SPI1_IRQHandler
                0x08003218                TAMPER_IRQHandler
                0x08003218                DMA1_Channel4_IRQHandler
                0x08003218                DefaultHandler
                0x08003218                RTC_IRQHandler
                0x08003218                DMA1_Channel7_IRQHandler
                0x08003218                CAN1_RX1_IRQHandler
                0x08003218                I2C1_EV_IRQHandler
                0x08003218                DMA1_Channel6_IRQHandler
                0x08003218                TIM3_IRQHandler
                0x08003218                RCC_IRQHandler
                0x08003218                TIM1_TRG_COM_IRQHandler
                0x08003218                DMA1_Channel1_IRQHandler
                0x08003218                EXTI15_10_IRQHandler
                0x08003218                EXTI9_5_IRQHandler
                0x08003218                EXTI1_IRQHandler
                0x08003218                TIM1_BRK_IRQHandler
                0x08003218                DMA1_Channel5_IRQHandler
                0x08003218                EXTI4_IRQHandler
                0x08003218                USB_LP_CAN1_RX0_IRQHandler
                0x08003218                USB_HP_CAN1_TX_IRQHandler
                0x08003218                DMA1_Channel3_IRQHandler
                0x08003218                TIM1_UP_IRQHandler
                0x08003218                WWDG_IRQHandler
                0x08003218                TIM2_IRQHandler
                0x08003218                USBWakeUp_IRQHandler
                0x0800321e                NMI_Handler
                0x08003224                HardFault_Handler
                0x0800322a                MemManage_Handler
                0x08003230                BusFault_Handler
                0x08003236                UsageFault_Handler
                0x0800323c                SVC_Handler
                0x08003242                DebugMon_Handler
                0x08003248                PendSV_Handler
                0x0800324e                SysTick_Handler
 .text          0x08003254      0x22c ../build/obj/userSrc/uart.o
                0x08003254                ReadDwReqPkt
                0x080032d4                ReadDataPkt
                0x08003368                ReadReqRespPkt
                0x080033e8                writeDataPkt
                0x0800344c                writeReqRespPkt
 *(.text*)
 *(.rodata)
 .rodata        0x08003480        0x8 ../build/obj/staticSrc/can.o
 .rodata        0x08003488       0xe0 ../build/obj/staticSrc/rcc.o
                0x08003488                rcc_hse_configs
                0x08003514                rcc_hsi_configs
 *(.rodata*)
 *(.glue_7)
 .glue_7        0x08003568        0x0 linker stubs
 *(.glue_7t)
 .glue_7t       0x08003568        0x0 linker stubs
 *(.eh_frame)
 *(.init)
 *(.fini)
                0x08003568                . = ALIGN (0x4)
                0x08003568                _etext = .

.vfp11_veneer   0x08003568        0x0
 .vfp11_veneer  0x08003568        0x0 linker stubs

.v4_bx          0x08003568        0x0
 .v4_bx         0x08003568        0x0 linker stubs

.iplt           0x08003568        0x0
 .iplt          0x08003568        0x0 ../build/obj/staticSrc/assert.o

.rel.dyn        0x08003568        0x0
 .rel.iplt      0x08003568        0x0 ../build/obj/staticSrc/assert.o

.data           0x20000000        0xc load address 0x08003568
                0x20000000                _sdata_ram = .
 *(.data)
 .data          0x20000000        0x0 ../build/obj/staticSrc/assert.o
 .data          0x20000000        0x0 ../build/obj/staticSrc/can.o
 .data          0x20000000        0x0 ../build/obj/staticSrc/nvic.o
 .data          0x20000000        0x0 ../build/obj/staticSrc/desig_common_v1.o
 .data          0x20000000        0x0 ../build/obj/staticSrc/flash_common_f01.o
 .data          0x20000000        0x0 ../build/obj/staticSrc/flash.o
 .data          0x20000000        0x0 ../build/obj/staticSrc/gpio.o
 .data          0x20000000        0x0 ../build/obj/staticSrc/usart_common_all.o
 .data          0x20000000        0x0 ../build/obj/staticSrc/flash_common_all.o
 .data          0x20000000        0x0 ../build/obj/staticSrc/flash_common_f.o
 .data          0x20000000        0x0 ../build/obj/staticSrc/usart_common_f124.o
 .data          0x20000000        0x0 ../build/obj/staticSrc/gpio_common_all.o
 .data          0x20000000        0x0 ../build/obj/staticSrc/rcc_common_all.o
 .data          0x20000000        0xc ../build/obj/staticSrc/rcc.o
                0x20000000                rcc_apb1_frequency
                0x20000004                rcc_apb2_frequency
                0x20000008                rcc_ahb_frequency
 .data          0x2000000c        0x0 ../build/obj/userSrc/startup.o
 .data          0x2000000c        0x0 ../build/obj/userSrc/main.o
 .data          0x2000000c        0x0 ../build/obj/userSrc/interrupt.o
 .data          0x2000000c        0x0 ../build/obj/userSrc/uart.o
                0x2000000c                . = ALIGN (0x4)
                0x2000000c                _edata_ram = .

.igot.plt       0x2000000c        0x0 load address 0x08003574
 .igot.plt      0x2000000c        0x0 ../build/obj/staticSrc/assert.o

.bss            0x2000000c      0x41c load address 0x08003574
                0x2000000c                _bss_start_ = .
 *(.bss)
 .bss           0x2000000c        0x0 ../build/obj/staticSrc/assert.o
 .bss           0x2000000c        0x0 ../build/obj/staticSrc/can.o
 .bss           0x2000000c        0x0 ../build/obj/staticSrc/nvic.o
 .bss           0x2000000c        0x0 ../build/obj/staticSrc/desig_common_v1.o
 .bss           0x2000000c        0x0 ../build/obj/staticSrc/flash_common_f01.o
 .bss           0x2000000c        0x0 ../build/obj/staticSrc/flash.o
 .bss           0x2000000c        0x0 ../build/obj/staticSrc/gpio.o
 .bss           0x2000000c        0x0 ../build/obj/staticSrc/usart_common_all.o
 .bss           0x2000000c        0x0 ../build/obj/staticSrc/flash_common_all.o
 .bss           0x2000000c        0x0 ../build/obj/staticSrc/flash_common_f.o
 .bss           0x2000000c        0x0 ../build/obj/staticSrc/usart_common_f124.o
 .bss           0x2000000c        0x0 ../build/obj/staticSrc/gpio_common_all.o
 .bss           0x2000000c        0x0 ../build/obj/staticSrc/rcc_common_all.o
 .bss           0x2000000c        0x0 ../build/obj/staticSrc/rcc.o
 .bss           0x2000000c        0x0 ../build/obj/userSrc/startup.o
 .bss           0x2000000c      0x419 ../build/obj/userSrc/main.o
                0x2000000c                dlyCnt
                0x20000010                counter
                0x20000014                timeoutVar
                0x20000018                count
                0x2000001a                pendingData
                0x2000001c                validAppAvailble
                0x20000020                i
                0x20000024                tempdata
                0x20000424                currstate
 .bss           0x20000425        0x0 ../build/obj/userSrc/interrupt.o
 .bss           0x20000425        0x0 ../build/obj/userSrc/uart.o
 *(.bss*)
 *(.common)
 *(.common*)
                0x20000428                . = ALIGN (0x4)
 *fill*         0x20000425        0x3 
                0x20000428                _bss_end_ = .
OUTPUT(../build/bin/STM32F103C6_BL.elf elf32-littlearm)
LOAD linker stubs

.debug_info     0x00000000     0x3b3a
 .debug_info    0x00000000       0xe7 ../build/obj/staticSrc/assert.o
 .debug_info    0x000000e7      0xbf0 ../build/obj/staticSrc/can.o
 .debug_info    0x00000cd7      0x225 ../build/obj/staticSrc/nvic.o
 .debug_info    0x00000efc       0xe2 ../build/obj/staticSrc/desig_common_v1.o
 .debug_info    0x00000fde      0x152 ../build/obj/staticSrc/flash_common_f01.o
 .debug_info    0x00001130      0x1c8 ../build/obj/staticSrc/flash.o
 .debug_info    0x000012f8      0x1ef ../build/obj/staticSrc/gpio.o
 .debug_info    0x000014e7      0x5b5 ../build/obj/staticSrc/usart_common_all.o
 .debug_info    0x00001a9c       0xf2 ../build/obj/staticSrc/flash_common_all.o
 .debug_info    0x00001b8e       0xbe ../build/obj/staticSrc/flash_common_f.o
 .debug_info    0x00001c4c      0x187 ../build/obj/staticSrc/usart_common_f124.o
 .debug_info    0x00001dd3      0x226 ../build/obj/staticSrc/gpio_common_all.o
 .debug_info    0x00001ff9      0x640 ../build/obj/staticSrc/rcc_common_all.o
 .debug_info    0x00002639      0x8bc ../build/obj/staticSrc/rcc.o
 .debug_info    0x00002ef5      0x145 ../build/obj/userSrc/startup.o
 .debug_info    0x0000303a      0x639 ../build/obj/userSrc/main.o
 .debug_info    0x00003673      0x1c9 ../build/obj/userSrc/interrupt.o
 .debug_info    0x0000383c      0x2fe ../build/obj/userSrc/uart.o

.debug_abbrev   0x00000000     0x116e
 .debug_abbrev  0x00000000       0x8a ../build/obj/staticSrc/assert.o
 .debug_abbrev  0x0000008a      0x256 ../build/obj/staticSrc/can.o
 .debug_abbrev  0x000002e0       0xa1 ../build/obj/staticSrc/nvic.o
 .debug_abbrev  0x00000381       0x8e ../build/obj/staticSrc/desig_common_v1.o
 .debug_abbrev  0x0000040f       0x9d ../build/obj/staticSrc/flash_common_f01.o
 .debug_abbrev  0x000004ac       0xe6 ../build/obj/staticSrc/flash.o
 .debug_abbrev  0x00000592       0xb6 ../build/obj/staticSrc/gpio.o
 .debug_abbrev  0x00000648      0x120 ../build/obj/staticSrc/usart_common_all.o
 .debug_abbrev  0x00000768       0x94 ../build/obj/staticSrc/flash_common_all.o
 .debug_abbrev  0x000007fc       0x56 ../build/obj/staticSrc/flash_common_f.o
 .debug_abbrev  0x00000852       0xa1 ../build/obj/staticSrc/usart_common_f124.o
 .debug_abbrev  0x000008f3       0xd0 ../build/obj/staticSrc/gpio_common_all.o
 .debug_abbrev  0x000009c3       0xfa ../build/obj/staticSrc/rcc_common_all.o
 .debug_abbrev  0x00000abd      0x212 ../build/obj/staticSrc/rcc.o
 .debug_abbrev  0x00000ccf       0x9b ../build/obj/userSrc/startup.o
 .debug_abbrev  0x00000d6a      0x219 ../build/obj/userSrc/main.o
 .debug_abbrev  0x00000f83       0x99 ../build/obj/userSrc/interrupt.o
 .debug_abbrev  0x0000101c      0x152 ../build/obj/userSrc/uart.o

.debug_aranges  0x00000000      0x240
 .debug_aranges
                0x00000000       0x20 ../build/obj/staticSrc/assert.o
 .debug_aranges
                0x00000020       0x20 ../build/obj/staticSrc/can.o
 .debug_aranges
                0x00000040       0x20 ../build/obj/staticSrc/nvic.o
 .debug_aranges
                0x00000060       0x20 ../build/obj/staticSrc/desig_common_v1.o
 .debug_aranges
                0x00000080       0x20 ../build/obj/staticSrc/flash_common_f01.o
 .debug_aranges
                0x000000a0       0x20 ../build/obj/staticSrc/flash.o
 .debug_aranges
                0x000000c0       0x20 ../build/obj/staticSrc/gpio.o
 .debug_aranges
                0x000000e0       0x20 ../build/obj/staticSrc/usart_common_all.o
 .debug_aranges
                0x00000100       0x20 ../build/obj/staticSrc/flash_common_all.o
 .debug_aranges
                0x00000120       0x20 ../build/obj/staticSrc/flash_common_f.o
 .debug_aranges
                0x00000140       0x20 ../build/obj/staticSrc/usart_common_f124.o
 .debug_aranges
                0x00000160       0x20 ../build/obj/staticSrc/gpio_common_all.o
 .debug_aranges
                0x00000180       0x20 ../build/obj/staticSrc/rcc_common_all.o
 .debug_aranges
                0x000001a0       0x20 ../build/obj/staticSrc/rcc.o
 .debug_aranges
                0x000001c0       0x20 ../build/obj/userSrc/startup.o
 .debug_aranges
                0x000001e0       0x20 ../build/obj/userSrc/main.o
 .debug_aranges
                0x00000200       0x20 ../build/obj/userSrc/interrupt.o
 .debug_aranges
                0x00000220       0x20 ../build/obj/userSrc/uart.o

.debug_macro    0x00000000     0x5230
 .debug_macro   0x00000000       0x89 ../build/obj/staticSrc/assert.o
 .debug_macro   0x00000089      0xa60 ../build/obj/staticSrc/assert.o
 .debug_macro   0x00000ae9       0x1c ../build/obj/staticSrc/assert.o
 .debug_macro   0x00000b05       0x22 ../build/obj/staticSrc/assert.o
 .debug_macro   0x00000b27       0x8e ../build/obj/staticSrc/assert.o
 .debug_macro   0x00000bb5       0x51 ../build/obj/staticSrc/assert.o
 .debug_macro   0x00000c06      0x103 ../build/obj/staticSrc/assert.o
 .debug_macro   0x00000d09       0x6a ../build/obj/staticSrc/assert.o
 .debug_macro   0x00000d73      0x1df ../build/obj/staticSrc/assert.o
 .debug_macro   0x00000f52       0x22 ../build/obj/staticSrc/assert.o
 .debug_macro   0x00000f74       0xe8 ../build/obj/staticSrc/assert.o
 .debug_macro   0x0000105c       0x16 ../build/obj/staticSrc/assert.o
 .debug_macro   0x00001072       0xc9 ../build/obj/staticSrc/can.o
 .debug_macro   0x0000113b       0x76 ../build/obj/staticSrc/can.o
 .debug_macro   0x000011b1      0x1b4 ../build/obj/staticSrc/can.o
 .debug_macro   0x00001365      0x513 ../build/obj/staticSrc/can.o
 .debug_macro   0x00001878      0x8c6 ../build/obj/staticSrc/can.o
 .debug_macro   0x0000213e       0xa6 ../build/obj/staticSrc/nvic.o
 .debug_macro   0x000021e4       0x68 ../build/obj/staticSrc/nvic.o
 .debug_macro   0x0000224c      0x39b ../build/obj/staticSrc/nvic.o
 .debug_macro   0x000025e7       0xa6 ../build/obj/staticSrc/desig_common_v1.o
 .debug_macro   0x0000268d       0xc0 ../build/obj/staticSrc/flash_common_f01.o
 .debug_macro   0x0000274d       0xee ../build/obj/staticSrc/flash_common_f01.o
 .debug_macro   0x0000283b       0x82 ../build/obj/staticSrc/flash_common_f01.o
 .debug_macro   0x000028bd       0xca ../build/obj/staticSrc/flash.o
 .debug_macro   0x00002987       0xb8 ../build/obj/staticSrc/gpio.o
 .debug_macro   0x00002a3f       0x76 ../build/obj/staticSrc/gpio.o
 .debug_macro   0x00002ab5      0xe2e ../build/obj/staticSrc/gpio.o
 .debug_macro   0x000038e3       0xda ../build/obj/staticSrc/usart_common_all.o
 .debug_macro   0x000039bd       0x94 ../build/obj/staticSrc/usart_common_all.o
 .debug_macro   0x00003a51      0x29e ../build/obj/staticSrc/usart_common_all.o
 .debug_macro   0x00003cef       0xc0 ../build/obj/staticSrc/flash_common_all.o
 .debug_macro   0x00003daf       0xc0 ../build/obj/staticSrc/flash_common_f.o
 .debug_macro   0x00003e6f       0xda ../build/obj/staticSrc/usart_common_f124.o
 .debug_macro   0x00003f49       0xb8 ../build/obj/staticSrc/gpio_common_all.o
 .debug_macro   0x00004001       0xce ../build/obj/staticSrc/rcc_common_all.o
 .debug_macro   0x000040cf       0xe7 ../build/obj/staticSrc/rcc.o
 .debug_macro   0x000041b6      0x147 ../build/obj/userSrc/startup.o
 .debug_macro   0x000042fd      0x100 ../build/obj/userSrc/startup.o
 .debug_macro   0x000043fd      0x395 ../build/obj/userSrc/startup.o
 .debug_macro   0x00004792       0x6e ../build/obj/userSrc/startup.o
 .debug_macro   0x00004800      0x1ba ../build/obj/userSrc/startup.o
 .debug_macro   0x000049ba      0x519 ../build/obj/userSrc/startup.o
 .debug_macro   0x00004ed3      0x155 ../build/obj/userSrc/main.o
 .debug_macro   0x00005028      0x147 ../build/obj/userSrc/interrupt.o
 .debug_macro   0x0000516f       0xc1 ../build/obj/userSrc/uart.o

.debug_line     0x00000000     0x50df
 .debug_line    0x00000000      0x24a ../build/obj/staticSrc/assert.o
 .debug_line    0x0000024a      0x84d ../build/obj/staticSrc/can.o
 .debug_line    0x00000a97      0x32b ../build/obj/staticSrc/nvic.o
 .debug_line    0x00000dc2      0x2f5 ../build/obj/staticSrc/desig_common_v1.o
 .debug_line    0x000010b7      0x3cd ../build/obj/staticSrc/flash_common_f01.o
 .debug_line    0x00001484      0x467 ../build/obj/staticSrc/flash.o
 .debug_line    0x000018eb      0x42e ../build/obj/staticSrc/gpio.o
 .debug_line    0x00001d19      0x4c2 ../build/obj/staticSrc/usart_common_all.o
 .debug_line    0x000021db      0x37e ../build/obj/staticSrc/flash_common_all.o
 .debug_line    0x00002559      0x36a ../build/obj/staticSrc/flash_common_f.o
 .debug_line    0x000028c3      0x3c9 ../build/obj/staticSrc/usart_common_f124.o
 .debug_line    0x00002c8c      0x3ab ../build/obj/staticSrc/gpio_common_all.o
 .debug_line    0x00003037      0x410 ../build/obj/staticSrc/rcc_common_all.o
 .debug_line    0x00003447      0x8e9 ../build/obj/staticSrc/rcc.o
 .debug_line    0x00003d30      0x48a ../build/obj/userSrc/startup.o
 .debug_line    0x000041ba      0x602 ../build/obj/userSrc/main.o
 .debug_line    0x000047bc      0x4bb ../build/obj/userSrc/interrupt.o
 .debug_line    0x00004c77      0x468 ../build/obj/userSrc/uart.o

.debug_str      0x00000000    0x10783
 .debug_str     0x00000000     0x3ed2 ../build/obj/staticSrc/assert.o
                               0x402d (size before relaxing)
 .debug_str     0x00003ed2     0x4fa4 ../build/obj/staticSrc/can.o
                               0x8ed0 (size before relaxing)
 .debug_str     0x00008e76     0x14d2 ../build/obj/staticSrc/nvic.o
                               0x5627 (size before relaxing)
 .debug_str     0x0000a348       0x69 ../build/obj/staticSrc/desig_common_v1.o
                               0x4d0e (size before relaxing)
 .debug_str     0x0000a3b1      0x873 ../build/obj/staticSrc/flash_common_f01.o
                               0x5525 (size before relaxing)
 .debug_str     0x0000ac24      0x142 ../build/obj/staticSrc/flash.o
                               0x55c5 (size before relaxing)
 .debug_str     0x0000ad66     0x38dd ../build/obj/staticSrc/gpio.o
                               0x8599 (size before relaxing)
 .debug_str     0x0000e643     0x1207 ../build/obj/staticSrc/usart_common_all.o
                               0x84e2 (size before relaxing)
 .debug_str     0x0000f84a       0x7a ../build/obj/staticSrc/flash_common_all.o
                               0x54c8 (size before relaxing)
 .debug_str     0x0000f8c4       0x51 ../build/obj/staticSrc/flash_common_f.o
                               0x5499 (size before relaxing)
 .debug_str     0x0000f915       0x78 ../build/obj/staticSrc/usart_common_f124.o
                               0x82a7 (size before relaxing)
 .debug_str     0x0000f98d       0x83 ../build/obj/staticSrc/gpio_common_all.o
                               0x8583 (size before relaxing)
 .debug_str     0x0000fa10      0x436 ../build/obj/staticSrc/rcc_common_all.o
                               0x78f2 (size before relaxing)
 .debug_str     0x0000fe46      0x5a5 ../build/obj/staticSrc/rcc.o
                               0x81cf (size before relaxing)
 .debug_str     0x000103eb       0x9c ../build/obj/userSrc/startup.o
                               0xee19 (size before relaxing)
 .debug_str     0x00010487      0x1d7 ../build/obj/userSrc/main.o
                               0xf29d (size before relaxing)
 .debug_str     0x0001065e       0xc8 ../build/obj/userSrc/interrupt.o
                               0xef2d (size before relaxing)
 .debug_str     0x00010726       0x5d ../build/obj/userSrc/uart.o
                               0x5ce6 (size before relaxing)

.comment        0x00000000       0x49
 .comment       0x00000000       0x49 ../build/obj/staticSrc/assert.o
                                 0x4a (size before relaxing)
 .comment       0x00000049       0x4a ../build/obj/staticSrc/can.o
 .comment       0x00000049       0x4a ../build/obj/staticSrc/nvic.o
 .comment       0x00000049       0x4a ../build/obj/staticSrc/desig_common_v1.o
 .comment       0x00000049       0x4a ../build/obj/staticSrc/flash_common_f01.o
 .comment       0x00000049       0x4a ../build/obj/staticSrc/flash.o
 .comment       0x00000049       0x4a ../build/obj/staticSrc/gpio.o
 .comment       0x00000049       0x4a ../build/obj/staticSrc/usart_common_all.o
 .comment       0x00000049       0x4a ../build/obj/staticSrc/flash_common_all.o
 .comment       0x00000049       0x4a ../build/obj/staticSrc/flash_common_f.o
 .comment       0x00000049       0x4a ../build/obj/staticSrc/usart_common_f124.o
 .comment       0x00000049       0x4a ../build/obj/staticSrc/gpio_common_all.o
 .comment       0x00000049       0x4a ../build/obj/staticSrc/rcc_common_all.o
 .comment       0x00000049       0x4a ../build/obj/staticSrc/rcc.o
 .comment       0x00000049       0x4a ../build/obj/userSrc/startup.o
 .comment       0x00000049       0x4a ../build/obj/userSrc/main.o
 .comment       0x00000049       0x4a ../build/obj/userSrc/interrupt.o
 .comment       0x00000049       0x4a ../build/obj/userSrc/uart.o

.ARM.attributes
                0x00000000       0x2d
 .ARM.attributes
                0x00000000       0x2d ../build/obj/staticSrc/assert.o
 .ARM.attributes
                0x0000002d       0x2d ../build/obj/staticSrc/can.o
 .ARM.attributes
                0x0000005a       0x2d ../build/obj/staticSrc/nvic.o
 .ARM.attributes
                0x00000087       0x2d ../build/obj/staticSrc/desig_common_v1.o
 .ARM.attributes
                0x000000b4       0x2d ../build/obj/staticSrc/flash_common_f01.o
 .ARM.attributes
                0x000000e1       0x2d ../build/obj/staticSrc/flash.o
 .ARM.attributes
                0x0000010e       0x2d ../build/obj/staticSrc/gpio.o
 .ARM.attributes
                0x0000013b       0x2d ../build/obj/staticSrc/usart_common_all.o
 .ARM.attributes
                0x00000168       0x2d ../build/obj/staticSrc/flash_common_all.o
 .ARM.attributes
                0x00000195       0x2d ../build/obj/staticSrc/flash_common_f.o
 .ARM.attributes
                0x000001c2       0x2d ../build/obj/staticSrc/usart_common_f124.o
 .ARM.attributes
                0x000001ef       0x2d ../build/obj/staticSrc/gpio_common_all.o
 .ARM.attributes
                0x0000021c       0x2d ../build/obj/staticSrc/rcc_common_all.o
 .ARM.attributes
                0x00000249       0x2d ../build/obj/staticSrc/rcc.o
 .ARM.attributes
                0x00000276       0x2d ../build/obj/userSrc/startup.o
 .ARM.attributes
                0x000002a3       0x2d ../build/obj/userSrc/main.o
 .ARM.attributes
                0x000002d0       0x2d ../build/obj/userSrc/interrupt.o
 .ARM.attributes
                0x000002fd       0x2d ../build/obj/userSrc/uart.o

.debug_frame    0x00000000     0x1a34
 .debug_frame   0x00000000       0x48 ../build/obj/staticSrc/assert.o
 .debug_frame   0x00000048      0x29c ../build/obj/staticSrc/can.o
 .debug_frame   0x000002e4      0x178 ../build/obj/staticSrc/nvic.o
 .debug_frame   0x0000045c       0x58 ../build/obj/staticSrc/desig_common_v1.o
 .debug_frame   0x000004b4       0xd0 ../build/obj/staticSrc/flash_common_f01.o
 .debug_frame   0x00000584      0x184 ../build/obj/staticSrc/flash.o
 .debug_frame   0x00000708       0xb0 ../build/obj/staticSrc/gpio.o
 .debug_frame   0x000007b8      0x43c ../build/obj/staticSrc/usart_common_all.o
 .debug_frame   0x00000bf4       0x98 ../build/obj/staticSrc/flash_common_all.o
 .debug_frame   0x00000c8c       0x70 ../build/obj/staticSrc/flash_common_f.o
 .debug_frame   0x00000cfc       0xd8 ../build/obj/staticSrc/usart_common_f124.o
 .debug_frame   0x00000dd4      0x124 ../build/obj/staticSrc/gpio_common_all.o
 .debug_frame   0x00000ef8      0x218 ../build/obj/staticSrc/rcc_common_all.o
 .debug_frame   0x00001110      0x61c ../build/obj/staticSrc/rcc.o
 .debug_frame   0x0000172c       0x54 ../build/obj/userSrc/startup.o
 .debug_frame   0x00001780       0xe0 ../build/obj/userSrc/main.o
 .debug_frame   0x00001860      0x100 ../build/obj/userSrc/interrupt.o
 .debug_frame   0x00001960       0xd4 ../build/obj/userSrc/uart.o
